MPLINK 4.40, Linker
Linker Map File - Created Wed May 22 15:20:28 2013

                                 Section Info
                  Section       Type    Address   Location Size(Bytes)
                ---------  ---------  ---------  ---------  ---------
               _entry_scn       code   0x000000    program   0x000006
REMAPPED_HIGH_INTERRUPT_VECTOR       code   0x000008    program   0x000006
REMAPPED_LOW_INTERRUPT_VECTOR       code   0x000018    program   0x000006
                   .cinit    romdata   0x00102a    program   0x00001a
       .code_usb_device.o       code   0x001044    program   0x0012ea
       .code_controller.o       code   0x00232e    program   0x00021c
              .code_usb.o       code   0x00254a    program   0x000212
             .code_midi.o       code   0x00275c    program   0x00016a
           .code_userio.o       code   0x0028c6    program   0x000152
.romdata_usb_descriptors.o    romdata   0x002a18    program   0x0000d1
    .idata_controller.o_i    romdata   0x002ae9    program   0x000000
          .romdata_midi.o    romdata   0x002ae9    program   0x000000
          .idata_midi.o_i    romdata   0x002ae9    program   0x000000
      .romdata_userinit.o    romdata   0x002ae9    program   0x000000
      .idata_userinit.o_i    romdata   0x002ae9    program   0x000000
        .romdata_userio.o    romdata   0x002ae9    program   0x000000
    .romdata_controller.o    romdata   0x002ae9    program   0x000000
        .idata___init.o_i    romdata   0x002ae9    program   0x000000
        .romdata___init.o    romdata   0x002ae9    program   0x000000
         .idata_c018i.o_i    romdata   0x002ae9    program   0x000000
         .romdata_c018i.o    romdata   0x002ae9    program   0x000000
    .idata_usb_device.o_i    romdata   0x002ae9    program   0x000000
    .romdata_usb_device.o    romdata   0x002ae9    program   0x000000
.idata_usb_function_audio.o_i    romdata   0x002ae9    program   0x000000
.romdata_usb_function_audio.o    romdata   0x002ae9    program   0x000000
 .idata_usb_hal_pic24.o_i    romdata   0x002ae9    program   0x000000
 .romdata_usb_hal_pic24.o    romdata   0x002ae9    program   0x000000
           .romdata_usb.o    romdata   0x002ae9    program   0x000000
.idata_usb_descriptors.o_i    romdata   0x002ae9    program   0x000000
            .code_c018i.o       code   0x002aea    program   0x000000
               _cinit_scn       code   0x002aea    program   0x00009e
  .code_usb_descriptors.o       code   0x002aea    program   0x000000
    .code_usb_hal_pic24.o       code   0x002aea    program   0x000000
.code_usb_function_audio.o       code   0x002aea    program   0x000000
                   STRING       code   0x002b88    program   0x000034
                    .code       code   0x002bbc    program   0x000020
             _startup_scn       code   0x002bdc    program   0x00001c
         .code_userinit.o       code   0x002bf8    program   0x000018
              D10TCYXCODE       code   0x002c10    program   0x000016
           .code___init.o       code   0x002c26    program   0x000002
        .idata_userio.o_i    romdata   0x002c28    program   0x000003
           .idata_usb.o_i    romdata   0x002c2b    program   0x000004
     .config_300000_usb.o    romdata   0x300000    program   0x000001
     .config_300001_usb.o    romdata   0x300001    program   0x000001
     .config_300002_usb.o    romdata   0x300002    program   0x000001
     .config_300003_usb.o    romdata   0x300003    program   0x000001
     .config_300005_usb.o    romdata   0x300005    program   0x000001
     .config_300006_usb.o    romdata   0x300006    program   0x000001
     .config_300008_usb.o    romdata   0x300008    program   0x000001
     .config_300009_usb.o    romdata   0x300009    program   0x000001
     .config_30000a_usb.o    romdata   0x30000a    program   0x000001
     .config_30000b_usb.o    romdata   0x30000b    program   0x000001
     .config_30000c_usb.o    romdata   0x30000c    program   0x000001
     .config_30000d_usb.o    romdata   0x30000d    program   0x000001
                MATH_DATA      udata   0x000000       data   0x00000b
                 .tmpdata      udata   0x00000b       data   0x000006
      .udata_usb_device.o      udata   0x000060       data   0x000042
            .udata_midi.o      udata   0x0000a2       data   0x000022
      .udata_controller.o      udata   0x0000c4       data   0x000014
           .udata_c018i.o      udata   0x0000d8       data   0x00000a
             .udata_usb.o      udata   0x0000e2       data   0x000004
             .idata_usb.o      idata   0x0000e6       data   0x000004
          .idata_userio.o      idata   0x0000ea       data   0x000003
          .idata___init.o      idata   0x0000ed       data   0x000000
          .udata___init.o      udata   0x0000ed       data   0x000000
      .idata_controller.o      idata   0x0000ed       data   0x000000
           .idata_c018i.o      idata   0x0000ed       data   0x000000
            .idata_midi.o      idata   0x0000ed       data   0x000000
      .idata_usb_device.o      idata   0x0000ed       data   0x000000
        .idata_userinit.o      idata   0x0000ed       data   0x000000
        .udata_userinit.o      udata   0x0000ed       data   0x000000
          .udata_userio.o      udata   0x0000ed       data   0x000000
.udata_usb_function_audio.o      udata   0x0000ed       data   0x000000
 .idata_usb_descriptors.o      idata   0x0000ed       data   0x000000
 .udata_usb_descriptors.o      udata   0x0000ed       data   0x000000
   .idata_usb_hal_pic24.o      idata   0x0000ed       data   0x000000
   .udata_usb_hal_pic24.o      udata   0x0000ed       data   0x000000
.idata_usb_function_audio.o      idata   0x0000ed       data   0x000000
                   .stack      udata   0x000300       data   0x000100
                  USB_BDT      udata   0x000400       data   0x000060
            USB_VARIABLES      udata   0x000500       data   0x000084
            SFR_UNBANKED0      udata   0x000f62       data   0x00009e



                              Program Memory Usage 
                               Start         End      
                           ---------   ---------      
                            0x000000    0x000005      
                            0x000008    0x00000d      
                            0x000018    0x00001d      
                            0x00102a    0x002ae8      
                            0x002aea    0x002c2e      
                            0x300000    0x300003      
                            0x300005    0x300006      
                            0x300008    0x30000d      
            7202 out of 33048 program addresses used, program memory utilization is 21%



                              Symbols - Sorted by Name
                     Name    Address   Location    Storage File                     
                ---------  ---------  ---------  --------- ---------                
                    D10_1   0x002c20    program     static C:\MCC18\v3_39\src\traditional\delays\d10tcyx.asm
                     D10x   0x002c18    program     static C:\MCC18\v3_39\src\traditional\delays\d10tcyx.asm
              Delay10TCYx   0x002c10    program     extern C:\MCC18\v3_39\src\traditional\delays\d10tcyx.asm
         InitializeSystem   0x002618    program     static /media/Data/Documents/Electronics/Microcontroller/PIC/MPLAB/USB MIDI/usb.c
        MIDI_active_sense   0x0027ba    program     extern /media/Data/Documents/Electronics/Microcontroller/PIC/MPLAB/USB MIDI/midi.c
            MIDI_get_byte   0x00275c    program     extern /media/Data/Documents/Electronics/Microcontroller/PIC/MPLAB/USB MIDI/midi.c
                MIDI_init   0x00279a    program     extern /media/Data/Documents/Electronics/Microcontroller/PIC/MPLAB/USB MIDI/midi.c
       MIDI_process_input   0x00281e    program     extern /media/Data/Documents/Electronics/Microcontroller/PIC/MPLAB/USB MIDI/midi.c
                MIDI_task   0x002892    program     extern /media/Data/Documents/Electronics/Microcontroller/PIC/MPLAB/USB MIDI/midi.c
                ProcessIO   0x0028c6    program     extern /media/Data/Documents/Electronics/Microcontroller/PIC/MPLAB/USB MIDI/userio.c
        Remapped_High_ISR   0x000008    program     extern /media/Data/Documents/Electronics/Microcontroller/PIC/MPLAB/USB MIDI/usb.c
         Remapped_Low_ISR   0x000018    program     extern /media/Data/Documents/Electronics/Microcontroller/PIC/MPLAB/USB MIDI/usb.c
       USBCBCheckOtherReq   0x00263a    program     extern /media/Data/Documents/Electronics/Microcontroller/PIC/MPLAB/USB MIDI/usb.c
        USBCBErrorHandler   0x002638    program     extern /media/Data/Documents/Electronics/Microcontroller/PIC/MPLAB/USB MIDI/usb.c
              USBCBInitEP   0x00263e    program     extern /media/Data/Documents/Electronics/Microcontroller/PIC/MPLAB/USB MIDI/usb.c
          USBCBSendResume   0x002676    program     extern /media/Data/Documents/Electronics/Microcontroller/PIC/MPLAB/USB MIDI/usb.c
    USBCBStdSetDscHandler   0x00263c    program     extern /media/Data/Documents/Electronics/Microcontroller/PIC/MPLAB/USB MIDI/usb.c
             USBCBSuspend   0x002624    program     extern /media/Data/Documents/Electronics/Microcontroller/PIC/MPLAB/USB MIDI/usb.c
     USBCBWakeFromSuspend   0x002626    program     extern /media/Data/Documents/Electronics/Microcontroller/PIC/MPLAB/USB MIDI/usb.c
        USBCB_SOF_Handler   0x002628    program     extern /media/Data/Documents/Electronics/Microcontroller/PIC/MPLAB/USB MIDI/usb.c
              USBCancelIO   0x001520    program     extern /media/Data/Documents/Electronics/Microcontroller/PIC/MPLAB/USB MIDI/USB/usb_device.c
       USBCheckStdRequest   0x001fd8    program     static /media/Data/Documents/Electronics/Microcontroller/PIC/MPLAB/USB MIDI/USB/usb_device.c
     USBConfigureEndpoint   0x00172c    program     static /media/Data/Documents/Electronics/Microcontroller/PIC/MPLAB/USB MIDI/USB/usb_device.c
  USBCtrlEPAllowDataStage   0x0016ac    program     extern /media/Data/Documents/Electronics/Microcontroller/PIC/MPLAB/USB MIDI/USB/usb_device.c
USBCtrlEPAllowStatusStage   0x00160a    program     extern /media/Data/Documents/Electronics/Microcontroller/PIC/MPLAB/USB MIDI/USB/usb_device.c
         USBCtrlEPService   0x001dac    program     static /media/Data/Documents/Electronics/Microcontroller/PIC/MPLAB/USB MIDI/USB/usb_device.c
 USBCtrlEPServiceComplete   0x0017e6    program     static /media/Data/Documents/Electronics/Microcontroller/PIC/MPLAB/USB MIDI/USB/usb_device.c
      USBCtrlTrfInHandler   0x001f24    program     static /media/Data/Documents/Electronics/Microcontroller/PIC/MPLAB/USB MIDI/USB/usb_device.c
     USBCtrlTrfOutHandler   0x001eda    program     static /media/Data/Documents/Electronics/Microcontroller/PIC/MPLAB/USB MIDI/USB/usb_device.c
      USBCtrlTrfRxService   0x00196c    program     static /media/Data/Documents/Electronics/Microcontroller/PIC/MPLAB/USB MIDI/USB/usb_device.c
   USBCtrlTrfSetupHandler   0x001e7c    program     static /media/Data/Documents/Electronics/Microcontroller/PIC/MPLAB/USB MIDI/USB/usb_device.c
      USBCtrlTrfTxService   0x0018a8    program     static /media/Data/Documents/Electronics/Microcontroller/PIC/MPLAB/USB MIDI/USB/usb_device.c
          USBDeviceAttach   0x0015dc    program     extern /media/Data/Documents/Electronics/Microcontroller/PIC/MPLAB/USB MIDI/USB/usb_device.c
          USBDeviceDetach   0x0015d0    program     extern /media/Data/Documents/Electronics/Microcontroller/PIC/MPLAB/USB MIDI/USB/usb_device.c
            USBDeviceInit   0x001044    program     extern /media/Data/Documents/Electronics/Microcontroller/PIC/MPLAB/USB MIDI/USB/usb_device.c
           USBDeviceTasks   0x00115c    program     extern /media/Data/Documents/Electronics/Microcontroller/PIC/MPLAB/USB MIDI/USB/usb_device.c
        USBEnableEndpoint   0x0012cc    program     extern /media/Data/Documents/Electronics/Microcontroller/PIC/MPLAB/USB MIDI/USB/usb_device.c
         USBStallEndpoint   0x001440    program     extern /media/Data/Documents/Electronics/Microcontroller/PIC/MPLAB/USB MIDI/USB/usb_device.c
          USBStallHandler   0x001d22    program     static /media/Data/Documents/Electronics/Microcontroller/PIC/MPLAB/USB MIDI/USB/usb_device.c
  USBStdFeatureReqHandler   0x0020a0    program     static /media/Data/Documents/Electronics/Microcontroller/PIC/MPLAB/USB MIDI/USB/usb_device.c
      USBStdGetDscHandler   0x001b92    program     static /media/Data/Documents/Electronics/Microcontroller/PIC/MPLAB/USB MIDI/USB/usb_device.c
   USBStdGetStatusHandler   0x001c52    program     static /media/Data/Documents/Electronics/Microcontroller/PIC/MPLAB/USB MIDI/USB/usb_device.c
      USBStdSetCfgHandler   0x001aac    program     static /media/Data/Documents/Electronics/Microcontroller/PIC/MPLAB/USB MIDI/USB/usb_device.c
               USBSuspend   0x001d54    program     static /media/Data/Documents/Electronics/Microcontroller/PIC/MPLAB/USB MIDI/USB/usb_device.c
     USBTransferOnePacket   0x00133a    program     extern /media/Data/Documents/Electronics/Microcontroller/PIC/MPLAB/USB MIDI/USB/usb_device.c
       USBWakeFromSuspend   0x001d7e    program     static /media/Data/Documents/Electronics/Microcontroller/PIC/MPLAB/USB MIDI/USB/usb_device.c
               USB_CD_Ptr   0x002ae1    program     extern /media/Data/Documents/Electronics/Microcontroller/PIC/MPLAB/USB MIDI/usb_descriptors.c
               USB_SD_Ptr   0x002ae3    program     extern /media/Data/Documents/Electronics/Microcontroller/PIC/MPLAB/USB MIDI/usb_descriptors.c
            USB_send_MIDI   0x002976    program     extern /media/Data/Documents/Electronics/Microcontroller/PIC/MPLAB/USB MIDI/userio.c
USER_USB_CALLBACK_EVENT_HANDLER   0x0026be    program     extern /media/Data/Documents/Electronics/Microcontroller/PIC/MPLAB/USB MIDI/usb.c
                 UserInit   0x002bf8    program     extern /media/Data/Documents/Electronics/Microcontroller/PIC/MPLAB/USB MIDI/userinit.c
  YourHighPriorityISRCode   0x00254a    program     extern /media/Data/Documents/Electronics/Microcontroller/PIC/MPLAB/USB MIDI/usb.c
   YourLowPriorityISRCode   0x0025e4    program     extern /media/Data/Documents/Electronics/Microcontroller/PIC/MPLAB/USB MIDI/usb.c
              _2jContinue   0x002ba8    program     static C:\MCC18\v3_39\src\traditional\stdclib\memset.asm
                   _3jEnd   0x002bb2    program     static C:\MCC18\v3_39\src\traditional\stdclib\memset.asm
        _D10TCYXCODE_000A   0x002c1a    program     static C:\MCC18\v3_39\src\traditional\delays\d10tcyx.asm
        _D10TCYXCODE_000C   0x002c1c    program     static C:\MCC18\v3_39\src\traditional\delays\d10tcyx.asm
        _D10TCYXCODE_000E   0x002c1e    program     static C:\MCC18\v3_39\src\traditional\delays\d10tcyx.asm
       ___return_lbl00000   0x00000c    program     static                          
       ___return_lbl00000   0x000004    program     static                          
       ___return_lbl00001   0x002bf6    program     static                          
       ___return_lbl00001   0x00001c    program     static                          
       ___return_lbl00002   0x002b86    program     static                          
               __config_0   0x300000    program     static /media/Data/Documents/Electronics/Microcontroller/PIC/MPLAB/USB MIDI/usb.c
               __config_1   0x300001    program     static /media/Data/Documents/Electronics/Microcontroller/PIC/MPLAB/USB MIDI/usb.c
              __config_10   0x30000c    program     static /media/Data/Documents/Electronics/Microcontroller/PIC/MPLAB/USB MIDI/usb.c
              __config_11   0x30000d    program     static /media/Data/Documents/Electronics/Microcontroller/PIC/MPLAB/USB MIDI/usb.c
               __config_2   0x300002    program     static /media/Data/Documents/Electronics/Microcontroller/PIC/MPLAB/USB MIDI/usb.c
               __config_3   0x300003    program     static /media/Data/Documents/Electronics/Microcontroller/PIC/MPLAB/USB MIDI/usb.c
               __config_4   0x300005    program     static /media/Data/Documents/Electronics/Microcontroller/PIC/MPLAB/USB MIDI/usb.c
               __config_5   0x300006    program     static /media/Data/Documents/Electronics/Microcontroller/PIC/MPLAB/USB MIDI/usb.c
               __config_6   0x300008    program     static /media/Data/Documents/Electronics/Microcontroller/PIC/MPLAB/USB MIDI/usb.c
               __config_7   0x300009    program     static /media/Data/Documents/Electronics/Microcontroller/PIC/MPLAB/USB MIDI/usb.c
               __config_8   0x30000a    program     static /media/Data/Documents/Electronics/Microcontroller/PIC/MPLAB/USB MIDI/usb.c
               __config_9   0x30000b    program     static /media/Data/Documents/Electronics/Microcontroller/PIC/MPLAB/USB MIDI/usb.c
                   __init   0x002c26    program     extern C:\MCC18\v3_39\src\traditional\stdclib\__init.c
            __zero_memory   0x002bbc    program     extern C:\MCC18\v3_39\src\traditional\proc\p18F4550.asm
                _do_cinit   0x002aea    program     extern C:\MCC18\v3_39\src\traditional\startup\c018i.c
                   _entry   0x000000    program     extern C:\MCC18\v3_39\src\traditional\startup\c018i.c
                 _startup   0x002bdc    program     extern C:\MCC18\v3_39\src\traditional\startup\c018i.c
                      abs   0x0023d6    program     extern /media/Data/Documents/Electronics/Microcontroller/PIC/MPLAB/USB MIDI/controller.c
                compare_l   0x002bd2    program     static C:\MCC18\v3_39\src\traditional\proc\p18F4550.asm
        configDescriptor1   0x002a2a    program     extern /media/Data/Documents/Electronics/Microcontroller/PIC/MPLAB/USB MIDI/usb_descriptors.c
                copy_loop   0x002b5c    program     static                          
            copy_one_byte   0x002b62    program     static                          
                ctrl_init   0x00232e    program     extern /media/Data/Documents/Electronics/Microcontroller/PIC/MPLAB/USB MIDI/controller.c
             ctrl_process   0x002430    program     extern /media/Data/Documents/Electronics/Microcontroller/PIC/MPLAB/USB MIDI/controller.c
              ctrl_sample   0x002388    program     extern /media/Data/Documents/Electronics/Microcontroller/PIC/MPLAB/USB MIDI/controller.c
               device_dsc   0x002a18    program     extern /media/Data/Documents/Electronics/Microcontroller/PIC/MPLAB/USB MIDI/usb_descriptors.c
                     done   0x002b86    program     static                          
             done_copying   0x002b70    program     static                          
                     jEnd   0x002bba    program     static C:\MCC18\v3_39\src\traditional\stdclib\memset.asm
                    jLoop   0x002b9c    program     static C:\MCC18\v3_39\src\traditional\stdclib\memset.asm
                     loop   0x002bec    program     static                          
                   loop_h   0x002bca    program     static C:\MCC18\v3_39\src\traditional\proc\p18F4550.asm
                   loop_l   0x002bd4    program     static C:\MCC18\v3_39\src\traditional\proc\p18F4550.asm
                     main   0x00260a    program     extern /media/Data/Documents/Electronics/Microcontroller/PIC/MPLAB/USB MIDI/usb.c
                   memset   0x002b88    program     extern C:\MCC18\v3_39\src\traditional\stdclib\memset.asm
                    sd000   0x002a8f    program     extern /media/Data/Documents/Electronics/Microcontroller/PIC/MPLAB/USB MIDI/usb_descriptors.c
                    sd001   0x002a93    program     extern /media/Data/Documents/Electronics/Microcontroller/PIC/MPLAB/USB MIDI/usb_descriptors.c
                    sd002   0x002ac7    program     extern /media/Data/Documents/Electronics/Microcontroller/PIC/MPLAB/USB MIDI/usb_descriptors.c
                     test   0x002b04    program     static                          
               zero_block   0x002bca    program     static C:\MCC18\v3_39\src\traditional\proc\p18F4550.asm
                   ADCON0   0x000fc2       data     extern C:\MCC18\v3_39\src\traditional\proc\p18F4550.asm
               ADCON0bits   0x000fc2       data     extern C:\MCC18\v3_39\src\traditional\proc\p18F4550.asm
                   ADCON1   0x000fc1       data     extern C:\MCC18\v3_39\src\traditional\proc\p18F4550.asm
               ADCON1bits   0x000fc1       data     extern C:\MCC18\v3_39\src\traditional\proc\p18F4550.asm
                   ADCON2   0x000fc0       data     extern C:\MCC18\v3_39\src\traditional\proc\p18F4550.asm
               ADCON2bits   0x000fc0       data     extern C:\MCC18\v3_39\src\traditional\proc\p18F4550.asm
                    ADRES   0x000fc3       data     extern C:\MCC18\v3_39\src\traditional\proc\p18F4550.asm
                   ADRESH   0x000fc4       data     extern C:\MCC18\v3_39\src\traditional\proc\p18F4550.asm
                   ADRESL   0x000fc3       data     extern C:\MCC18\v3_39\src\traditional\proc\p18F4550.asm
                  BAUDCON   0x000fb8       data     extern C:\MCC18\v3_39\src\traditional\proc\p18F4550.asm
              BAUDCONbits   0x000fb8       data     extern C:\MCC18\v3_39\src\traditional\proc\p18F4550.asm
                  BAUDCTL   0x000fb8       data     extern C:\MCC18\v3_39\src\traditional\proc\p18F4550.asm
              BAUDCTLbits   0x000fb8       data     extern C:\MCC18\v3_39\src\traditional\proc\p18F4550.asm
                      BDT   0x000400       data     extern /media/Data/Documents/Electronics/Microcontroller/PIC/MPLAB/USB MIDI/USB/usb_device.c
                      BSR   0x000fe0       data     extern C:\MCC18\v3_39\src\traditional\proc\p18F4550.asm
       BothEP0OutUOWNsSet   0x000091       data     extern /media/Data/Documents/Electronics/Microcontroller/PIC/MPLAB/USB MIDI/USB/usb_device.c
                   CCP1AS   0x000fb6       data     extern C:\MCC18\v3_39\src\traditional\proc\p18F4550.asm
               CCP1ASbits   0x000fb6       data     extern C:\MCC18\v3_39\src\traditional\proc\p18F4550.asm
                  CCP1CON   0x000fbd       data     extern C:\MCC18\v3_39\src\traditional\proc\p18F4550.asm
              CCP1CONbits   0x000fbd       data     extern C:\MCC18\v3_39\src\traditional\proc\p18F4550.asm
                  CCP1DEL   0x000fb7       data     extern C:\MCC18\v3_39\src\traditional\proc\p18F4550.asm
              CCP1DELbits   0x000fb7       data     extern C:\MCC18\v3_39\src\traditional\proc\p18F4550.asm
                  CCP2CON   0x000fba       data     extern C:\MCC18\v3_39\src\traditional\proc\p18F4550.asm
              CCP2CONbits   0x000fba       data     extern C:\MCC18\v3_39\src\traditional\proc\p18F4550.asm
                    CCPR1   0x000fbe       data     extern C:\MCC18\v3_39\src\traditional\proc\p18F4550.asm
                   CCPR1H   0x000fbf       data     extern C:\MCC18\v3_39\src\traditional\proc\p18F4550.asm
                   CCPR1L   0x000fbe       data     extern C:\MCC18\v3_39\src\traditional\proc\p18F4550.asm
                    CCPR2   0x000fbb       data     extern C:\MCC18\v3_39\src\traditional\proc\p18F4550.asm
                   CCPR2H   0x000fbc       data     extern C:\MCC18\v3_39\src\traditional\proc\p18F4550.asm
                   CCPR2L   0x000fbb       data     extern C:\MCC18\v3_39\src\traditional\proc\p18F4550.asm
                    CMCON   0x000fb4       data     extern C:\MCC18\v3_39\src\traditional\proc\p18F4550.asm
                CMCONbits   0x000fb4       data     extern C:\MCC18\v3_39\src\traditional\proc\p18F4550.asm
                   CVRCON   0x000fb5       data     extern C:\MCC18\v3_39\src\traditional\proc\p18F4550.asm
               CVRCONbits   0x000fb5       data     extern C:\MCC18\v3_39\src\traditional\proc\p18F4550.asm
              CtrlTrfData   0x000458       data     extern /media/Data/Documents/Electronics/Microcontroller/PIC/MPLAB/USB MIDI/USB/usb_device.c
                     DDRA   0x000f92       data     extern C:\MCC18\v3_39\src\traditional\proc\p18F4550.asm
                 DDRAbits   0x000f92       data     extern C:\MCC18\v3_39\src\traditional\proc\p18F4550.asm
                     DDRB   0x000f93       data     extern C:\MCC18\v3_39\src\traditional\proc\p18F4550.asm
                 DDRBbits   0x000f93       data     extern C:\MCC18\v3_39\src\traditional\proc\p18F4550.asm
                     DDRC   0x000f94       data     extern C:\MCC18\v3_39\src\traditional\proc\p18F4550.asm
                 DDRCbits   0x000f94       data     extern C:\MCC18\v3_39\src\traditional\proc\p18F4550.asm
                     DDRD   0x000f95       data     extern C:\MCC18\v3_39\src\traditional\proc\p18F4550.asm
                 DDRDbits   0x000f95       data     extern C:\MCC18\v3_39\src\traditional\proc\p18F4550.asm
                     DDRE   0x000f96       data     extern C:\MCC18\v3_39\src\traditional\proc\p18F4550.asm
                 DDREbits   0x000f96       data     extern C:\MCC18\v3_39\src\traditional\proc\p18F4550.asm
                  ECCP1AS   0x000fb6       data     extern C:\MCC18\v3_39\src\traditional\proc\p18F4550.asm
              ECCP1ASbits   0x000fb6       data     extern C:\MCC18\v3_39\src\traditional\proc\p18F4550.asm
                 ECCP1CON   0x000fbd       data     extern C:\MCC18\v3_39\src\traditional\proc\p18F4550.asm
             ECCP1CONbits   0x000fbd       data     extern C:\MCC18\v3_39\src\traditional\proc\p18F4550.asm
                 ECCP1DEL   0x000fb7       data     extern C:\MCC18\v3_39\src\traditional\proc\p18F4550.asm
             ECCP1DELbits   0x000fb7       data     extern C:\MCC18\v3_39\src\traditional\proc\p18F4550.asm
                    EEADR   0x000fa9       data     extern C:\MCC18\v3_39\src\traditional\proc\p18F4550.asm
                   EECON1   0x000fa6       data     extern C:\MCC18\v3_39\src\traditional\proc\p18F4550.asm
               EECON1bits   0x000fa6       data     extern C:\MCC18\v3_39\src\traditional\proc\p18F4550.asm
                   EECON2   0x000fa7       data     extern C:\MCC18\v3_39\src\traditional\proc\p18F4550.asm
                   EEDATA   0x000fa8       data     extern C:\MCC18\v3_39\src\traditional\proc\p18F4550.asm
                     FSR0   0x000fe9       data     extern C:\MCC18\v3_39\src\traditional\proc\p18F4550.asm
                    FSR0H   0x000fea       data     extern C:\MCC18\v3_39\src\traditional\proc\p18F4550.asm
                    FSR0L   0x000fe9       data     extern C:\MCC18\v3_39\src\traditional\proc\p18F4550.asm
                     FSR1   0x000fe1       data     extern C:\MCC18\v3_39\src\traditional\proc\p18F4550.asm
                    FSR1H   0x000fe2       data     extern C:\MCC18\v3_39\src\traditional\proc\p18F4550.asm
                    FSR1L   0x000fe1       data     extern C:\MCC18\v3_39\src\traditional\proc\p18F4550.asm
                     FSR2   0x000fd9       data     extern C:\MCC18\v3_39\src\traditional\proc\p18F4550.asm
                    FSR2H   0x000fda       data     extern C:\MCC18\v3_39\src\traditional\proc\p18F4550.asm
                    FSR2L   0x000fd9       data     extern C:\MCC18\v3_39\src\traditional\proc\p18F4550.asm
                  HLVDCON   0x000fd2       data     extern C:\MCC18\v3_39\src\traditional\proc\p18F4550.asm
              HLVDCONbits   0x000fd2       data     extern C:\MCC18\v3_39\src\traditional\proc\p18F4550.asm
                    INDF0   0x000fef       data     extern C:\MCC18\v3_39\src\traditional\proc\p18F4550.asm
                    INDF1   0x000fe7       data     extern C:\MCC18\v3_39\src\traditional\proc\p18F4550.asm
                    INDF2   0x000fdf       data     extern C:\MCC18\v3_39\src\traditional\proc\p18F4550.asm
                   INTCON   0x000ff2       data     extern C:\MCC18\v3_39\src\traditional\proc\p18F4550.asm
                  INTCON2   0x000ff1       data     extern C:\MCC18\v3_39\src\traditional\proc\p18F4550.asm
              INTCON2bits   0x000ff1       data     extern C:\MCC18\v3_39\src\traditional\proc\p18F4550.asm
                  INTCON3   0x000ff0       data     extern C:\MCC18\v3_39\src\traditional\proc\p18F4550.asm
              INTCON3bits   0x000ff0       data     extern C:\MCC18\v3_39\src\traditional\proc\p18F4550.asm
               INTCONbits   0x000ff2       data     extern C:\MCC18\v3_39\src\traditional\proc\p18F4550.asm
                     IPR1   0x000f9f       data     extern C:\MCC18\v3_39\src\traditional\proc\p18F4550.asm
                 IPR1bits   0x000f9f       data     extern C:\MCC18\v3_39\src\traditional\proc\p18F4550.asm
                     IPR2   0x000fa2       data     extern C:\MCC18\v3_39\src\traditional\proc\p18F4550.asm
                 IPR2bits   0x000fa2       data     extern C:\MCC18\v3_39\src\traditional\proc\p18F4550.asm
                     LATA   0x000f89       data     extern C:\MCC18\v3_39\src\traditional\proc\p18F4550.asm
                 LATAbits   0x000f89       data     extern C:\MCC18\v3_39\src\traditional\proc\p18F4550.asm
                     LATB   0x000f8a       data     extern C:\MCC18\v3_39\src\traditional\proc\p18F4550.asm
                 LATBbits   0x000f8a       data     extern C:\MCC18\v3_39\src\traditional\proc\p18F4550.asm
                     LATC   0x000f8b       data     extern C:\MCC18\v3_39\src\traditional\proc\p18F4550.asm
                 LATCbits   0x000f8b       data     extern C:\MCC18\v3_39\src\traditional\proc\p18F4550.asm
                     LATD   0x000f8c       data     extern C:\MCC18\v3_39\src\traditional\proc\p18F4550.asm
                 LATDbits   0x000f8c       data     extern C:\MCC18\v3_39\src\traditional\proc\p18F4550.asm
                     LATE   0x000f8d       data     extern C:\MCC18\v3_39\src\traditional\proc\p18F4550.asm
                 LATEbits   0x000f8d       data     extern C:\MCC18\v3_39\src\traditional\proc\p18F4550.asm
                   LVDCON   0x000fd2       data     extern C:\MCC18\v3_39\src\traditional\proc\p18F4550.asm
               LVDCONbits   0x000fd2       data     extern C:\MCC18\v3_39\src\traditional\proc\p18F4550.asm
                   OSCCON   0x000fd3       data     extern C:\MCC18\v3_39\src\traditional\proc\p18F4550.asm
               OSCCONbits   0x000fd3       data     extern C:\MCC18\v3_39\src\traditional\proc\p18F4550.asm
                  OSCTUNE   0x000f9b       data     extern C:\MCC18\v3_39\src\traditional\proc\p18F4550.asm
              OSCTUNEbits   0x000f9b       data     extern C:\MCC18\v3_39\src\traditional\proc\p18F4550.asm
                       PC   0x000ff9       data     extern C:\MCC18\v3_39\src\traditional\proc\p18F4550.asm
                      PCL   0x000ff9       data     extern C:\MCC18\v3_39\src\traditional\proc\p18F4550.asm
                   PCLATH   0x000ffa       data     extern C:\MCC18\v3_39\src\traditional\proc\p18F4550.asm
                   PCLATU   0x000ffb       data     extern C:\MCC18\v3_39\src\traditional\proc\p18F4550.asm
                     PIE1   0x000f9d       data     extern C:\MCC18\v3_39\src\traditional\proc\p18F4550.asm
                 PIE1bits   0x000f9d       data     extern C:\MCC18\v3_39\src\traditional\proc\p18F4550.asm
                     PIE2   0x000fa0       data     extern C:\MCC18\v3_39\src\traditional\proc\p18F4550.asm
                 PIE2bits   0x000fa0       data     extern C:\MCC18\v3_39\src\traditional\proc\p18F4550.asm
                     PIR1   0x000f9e       data     extern C:\MCC18\v3_39\src\traditional\proc\p18F4550.asm
                 PIR1bits   0x000f9e       data     extern C:\MCC18\v3_39\src\traditional\proc\p18F4550.asm
                     PIR2   0x000fa1       data     extern C:\MCC18\v3_39\src\traditional\proc\p18F4550.asm
                 PIR2bits   0x000fa1       data     extern C:\MCC18\v3_39\src\traditional\proc\p18F4550.asm
                   PLUSW0   0x000feb       data     extern C:\MCC18\v3_39\src\traditional\proc\p18F4550.asm
                   PLUSW1   0x000fe3       data     extern C:\MCC18\v3_39\src\traditional\proc\p18F4550.asm
                   PLUSW2   0x000fdb       data     extern C:\MCC18\v3_39\src\traditional\proc\p18F4550.asm
                    PORTA   0x000f80       data     extern C:\MCC18\v3_39\src\traditional\proc\p18F4550.asm
                PORTAbits   0x000f80       data     extern C:\MCC18\v3_39\src\traditional\proc\p18F4550.asm
                    PORTB   0x000f81       data     extern C:\MCC18\v3_39\src\traditional\proc\p18F4550.asm
                PORTBbits   0x000f81       data     extern C:\MCC18\v3_39\src\traditional\proc\p18F4550.asm
                    PORTC   0x000f82       data     extern C:\MCC18\v3_39\src\traditional\proc\p18F4550.asm
                PORTCbits   0x000f82       data     extern C:\MCC18\v3_39\src\traditional\proc\p18F4550.asm
                    PORTD   0x000f83       data     extern C:\MCC18\v3_39\src\traditional\proc\p18F4550.asm
                PORTDbits   0x000f83       data     extern C:\MCC18\v3_39\src\traditional\proc\p18F4550.asm
                    PORTE   0x000f84       data     extern C:\MCC18\v3_39\src\traditional\proc\p18F4550.asm
                PORTEbits   0x000f84       data     extern C:\MCC18\v3_39\src\traditional\proc\p18F4550.asm
                 POSTDEC0   0x000fed       data     extern C:\MCC18\v3_39\src\traditional\proc\p18F4550.asm
                 POSTDEC1   0x000fe5       data     extern C:\MCC18\v3_39\src\traditional\proc\p18F4550.asm
                 POSTDEC2   0x000fdd       data     extern C:\MCC18\v3_39\src\traditional\proc\p18F4550.asm
                 POSTINC0   0x000fee       data     extern C:\MCC18\v3_39\src\traditional\proc\p18F4550.asm
                 POSTINC1   0x000fe6       data     extern C:\MCC18\v3_39\src\traditional\proc\p18F4550.asm
                 POSTINC2   0x000fde       data     extern C:\MCC18\v3_39\src\traditional\proc\p18F4550.asm
                      PR2   0x000fcb       data     extern C:\MCC18\v3_39\src\traditional\proc\p18F4550.asm
                  PREINC0   0x000fec       data     extern C:\MCC18\v3_39\src\traditional\proc\p18F4550.asm
                  PREINC1   0x000fe4       data     extern C:\MCC18\v3_39\src\traditional\proc\p18F4550.asm
                  PREINC2   0x000fdc       data     extern C:\MCC18\v3_39\src\traditional\proc\p18F4550.asm
                     PROD   0x000ff3       data     extern C:\MCC18\v3_39\src\traditional\proc\p18F4550.asm
                    PRODH   0x000ff4       data     extern C:\MCC18\v3_39\src\traditional\proc\p18F4550.asm
                    PRODL   0x000ff3       data     extern C:\MCC18\v3_39\src\traditional\proc\p18F4550.asm
                     RCON   0x000fd0       data     extern C:\MCC18\v3_39\src\traditional\proc\p18F4550.asm
                 RCONbits   0x000fd0       data     extern C:\MCC18\v3_39\src\traditional\proc\p18F4550.asm
                    RCREG   0x000fae       data     extern C:\MCC18\v3_39\src\traditional\proc\p18F4550.asm
                    RCSTA   0x000fab       data     extern C:\MCC18\v3_39\src\traditional\proc\p18F4550.asm
                RCSTAbits   0x000fab       data     extern C:\MCC18\v3_39\src\traditional\proc\p18F4550.asm
                RX_buffer   0x0000a4       data     extern /media/Data/Documents/Electronics/Microcontroller/PIC/MPLAB/USB MIDI/midi.c
       RX_buffer_read_pos   0x0000a3       data     extern /media/Data/Documents/Electronics/Microcontroller/PIC/MPLAB/USB MIDI/midi.c
      RX_buffer_write_pos   0x0000a2       data     extern /media/Data/Documents/Electronics/Microcontroller/PIC/MPLAB/USB MIDI/midi.c
       ReceivedDataBuffer   0x000500       data     extern /media/Data/Documents/Electronics/Microcontroller/PIC/MPLAB/USB MIDI/usb.c
             RemoteWakeup   0x00008d       data     extern /media/Data/Documents/Electronics/Microcontroller/PIC/MPLAB/USB MIDI/USB/usb_device.c
                     SIGN   0x000009       data     extern C:\MCC18\v3_39\src\traditional\math\cmath18.asm
                    SPBRG   0x000faf       data     extern C:\MCC18\v3_39\src\traditional\proc\p18F4550.asm
                   SPBRGH   0x000fb0       data     extern C:\MCC18\v3_39\src\traditional\proc\p18F4550.asm
                   SPPCFG   0x000f63       data     extern C:\MCC18\v3_39\src\traditional\proc\p18F4550.asm
               SPPCFGbits   0x000f63       data     extern C:\MCC18\v3_39\src\traditional\proc\p18F4550.asm
                   SPPCON   0x000f65       data     extern C:\MCC18\v3_39\src\traditional\proc\p18F4550.asm
               SPPCONbits   0x000f65       data     extern C:\MCC18\v3_39\src\traditional\proc\p18F4550.asm
                  SPPDATA   0x000f62       data     extern C:\MCC18\v3_39\src\traditional\proc\p18F4550.asm
                   SPPEPS   0x000f64       data     extern C:\MCC18\v3_39\src\traditional\proc\p18F4550.asm
               SPPEPSbits   0x000f64       data     extern C:\MCC18\v3_39\src\traditional\proc\p18F4550.asm
                   SSPADD   0x000fc8       data     extern C:\MCC18\v3_39\src\traditional\proc\p18F4550.asm
                   SSPBUF   0x000fc9       data     extern C:\MCC18\v3_39\src\traditional\proc\p18F4550.asm
                  SSPCON1   0x000fc6       data     extern C:\MCC18\v3_39\src\traditional\proc\p18F4550.asm
              SSPCON1bits   0x000fc6       data     extern C:\MCC18\v3_39\src\traditional\proc\p18F4550.asm
                  SSPCON2   0x000fc5       data     extern C:\MCC18\v3_39\src\traditional\proc\p18F4550.asm
              SSPCON2bits   0x000fc5       data     extern C:\MCC18\v3_39\src\traditional\proc\p18F4550.asm
                  SSPSTAT   0x000fc7       data     extern C:\MCC18\v3_39\src\traditional\proc\p18F4550.asm
              SSPSTATbits   0x000fc7       data     extern C:\MCC18\v3_39\src\traditional\proc\p18F4550.asm
                   STATUS   0x000fd8       data     extern C:\MCC18\v3_39\src\traditional\proc\p18F4550.asm
               STATUSbits   0x000fd8       data     extern C:\MCC18\v3_39\src\traditional\proc\p18F4550.asm
                   STKPTR   0x000ffc       data     extern C:\MCC18\v3_39\src\traditional\proc\p18F4550.asm
               STKPTRbits   0x000ffc       data     extern C:\MCC18\v3_39\src\traditional\proc\p18F4550.asm
                 SetupPkt   0x000450       data     extern /media/Data/Documents/Electronics/Microcontroller/PIC/MPLAB/USB MIDI/USB/usb_device.c
                    T0CON   0x000fd5       data     extern C:\MCC18\v3_39\src\traditional\proc\p18F4550.asm
                T0CONbits   0x000fd5       data     extern C:\MCC18\v3_39\src\traditional\proc\p18F4550.asm
                    T1CON   0x000fcd       data     extern C:\MCC18\v3_39\src\traditional\proc\p18F4550.asm
                T1CONbits   0x000fcd       data     extern C:\MCC18\v3_39\src\traditional\proc\p18F4550.asm
                    T2CON   0x000fca       data     extern C:\MCC18\v3_39\src\traditional\proc\p18F4550.asm
                T2CONbits   0x000fca       data     extern C:\MCC18\v3_39\src\traditional\proc\p18F4550.asm
                    T3CON   0x000fb1       data     extern C:\MCC18\v3_39\src\traditional\proc\p18F4550.asm
                T3CONbits   0x000fb1       data     extern C:\MCC18\v3_39\src\traditional\proc\p18F4550.asm
                   TABLAT   0x000ff5       data     extern C:\MCC18\v3_39\src\traditional\proc\p18F4550.asm
                   TBLPTR   0x000ff6       data     extern C:\MCC18\v3_39\src\traditional\proc\p18F4550.asm
                  TBLPTRH   0x000ff7       data     extern C:\MCC18\v3_39\src\traditional\proc\p18F4550.asm
                  TBLPTRL   0x000ff6       data     extern C:\MCC18\v3_39\src\traditional\proc\p18F4550.asm
                  TBLPTRU   0x000ff8       data     extern C:\MCC18\v3_39\src\traditional\proc\p18F4550.asm
                    TMR0H   0x000fd7       data     extern C:\MCC18\v3_39\src\traditional\proc\p18F4550.asm
                    TMR0L   0x000fd6       data     extern C:\MCC18\v3_39\src\traditional\proc\p18F4550.asm
                    TMR1H   0x000fcf       data     extern C:\MCC18\v3_39\src\traditional\proc\p18F4550.asm
                    TMR1L   0x000fce       data     extern C:\MCC18\v3_39\src\traditional\proc\p18F4550.asm
                     TMR2   0x000fcc       data     extern C:\MCC18\v3_39\src\traditional\proc\p18F4550.asm
                    TMR3H   0x000fb3       data     extern C:\MCC18\v3_39\src\traditional\proc\p18F4550.asm
                    TMR3L   0x000fb2       data     extern C:\MCC18\v3_39\src\traditional\proc\p18F4550.asm
                      TOS   0x000ffd       data     extern C:\MCC18\v3_39\src\traditional\proc\p18F4550.asm
                     TOSH   0x000ffe       data     extern C:\MCC18\v3_39\src\traditional\proc\p18F4550.asm
                     TOSL   0x000ffd       data     extern C:\MCC18\v3_39\src\traditional\proc\p18F4550.asm
                     TOSU   0x000fff       data     extern C:\MCC18\v3_39\src\traditional\proc\p18F4550.asm
                    TRISA   0x000f92       data     extern C:\MCC18\v3_39\src\traditional\proc\p18F4550.asm
                TRISAbits   0x000f92       data     extern C:\MCC18\v3_39\src\traditional\proc\p18F4550.asm
                    TRISB   0x000f93       data     extern C:\MCC18\v3_39\src\traditional\proc\p18F4550.asm
                TRISBbits   0x000f93       data     extern C:\MCC18\v3_39\src\traditional\proc\p18F4550.asm
                    TRISC   0x000f94       data     extern C:\MCC18\v3_39\src\traditional\proc\p18F4550.asm
                TRISCbits   0x000f94       data     extern C:\MCC18\v3_39\src\traditional\proc\p18F4550.asm
                    TRISD   0x000f95       data     extern C:\MCC18\v3_39\src\traditional\proc\p18F4550.asm
                TRISDbits   0x000f95       data     extern C:\MCC18\v3_39\src\traditional\proc\p18F4550.asm
                    TRISE   0x000f96       data     extern C:\MCC18\v3_39\src\traditional\proc\p18F4550.asm
                TRISEbits   0x000f96       data     extern C:\MCC18\v3_39\src\traditional\proc\p18F4550.asm
                    TXREG   0x000fad       data     extern C:\MCC18\v3_39\src\traditional\proc\p18F4550.asm
                    TXSTA   0x000fac       data     extern C:\MCC18\v3_39\src\traditional\proc\p18F4550.asm
                TXSTAbits   0x000fac       data     extern C:\MCC18\v3_39\src\traditional\proc\p18F4550.asm
         ToSendDataBuffer   0x000540       data     extern /media/Data/Documents/Electronics/Microcontroller/PIC/MPLAB/USB MIDI/usb.c
                    UADDR   0x000f6e       data     extern C:\MCC18\v3_39\src\traditional\proc\p18F4550.asm
                UADDRbits   0x000f6e       data     extern C:\MCC18\v3_39\src\traditional\proc\p18F4550.asm
                     UCFG   0x000f6f       data     extern C:\MCC18\v3_39\src\traditional\proc\p18F4550.asm
                 UCFGbits   0x000f6f       data     extern C:\MCC18\v3_39\src\traditional\proc\p18F4550.asm
                     UCON   0x000f6d       data     extern C:\MCC18\v3_39\src\traditional\proc\p18F4550.asm
                 UCONbits   0x000f6d       data     extern C:\MCC18\v3_39\src\traditional\proc\p18F4550.asm
                     UEIE   0x000f6b       data     extern C:\MCC18\v3_39\src\traditional\proc\p18F4550.asm
                 UEIEbits   0x000f6b       data     extern C:\MCC18\v3_39\src\traditional\proc\p18F4550.asm
                     UEIR   0x000f6a       data     extern C:\MCC18\v3_39\src\traditional\proc\p18F4550.asm
                 UEIRbits   0x000f6a       data     extern C:\MCC18\v3_39\src\traditional\proc\p18F4550.asm
                     UEP0   0x000f70       data     extern C:\MCC18\v3_39\src\traditional\proc\p18F4550.asm
                 UEP0bits   0x000f70       data     extern C:\MCC18\v3_39\src\traditional\proc\p18F4550.asm
                     UEP1   0x000f71       data     extern C:\MCC18\v3_39\src\traditional\proc\p18F4550.asm
                    UEP10   0x000f7a       data     extern C:\MCC18\v3_39\src\traditional\proc\p18F4550.asm
                UEP10bits   0x000f7a       data     extern C:\MCC18\v3_39\src\traditional\proc\p18F4550.asm
                    UEP11   0x000f7b       data     extern C:\MCC18\v3_39\src\traditional\proc\p18F4550.asm
                UEP11bits   0x000f7b       data     extern C:\MCC18\v3_39\src\traditional\proc\p18F4550.asm
                    UEP12   0x000f7c       data     extern C:\MCC18\v3_39\src\traditional\proc\p18F4550.asm
                UEP12bits   0x000f7c       data     extern C:\MCC18\v3_39\src\traditional\proc\p18F4550.asm
                    UEP13   0x000f7d       data     extern C:\MCC18\v3_39\src\traditional\proc\p18F4550.asm
                UEP13bits   0x000f7d       data     extern C:\MCC18\v3_39\src\traditional\proc\p18F4550.asm
                    UEP14   0x000f7e       data     extern C:\MCC18\v3_39\src\traditional\proc\p18F4550.asm
                UEP14bits   0x000f7e       data     extern C:\MCC18\v3_39\src\traditional\proc\p18F4550.asm
                    UEP15   0x000f7f       data     extern C:\MCC18\v3_39\src\traditional\proc\p18F4550.asm
                UEP15bits   0x000f7f       data     extern C:\MCC18\v3_39\src\traditional\proc\p18F4550.asm
                 UEP1bits   0x000f71       data     extern C:\MCC18\v3_39\src\traditional\proc\p18F4550.asm
                     UEP2   0x000f72       data     extern C:\MCC18\v3_39\src\traditional\proc\p18F4550.asm
                 UEP2bits   0x000f72       data     extern C:\MCC18\v3_39\src\traditional\proc\p18F4550.asm
                     UEP3   0x000f73       data     extern C:\MCC18\v3_39\src\traditional\proc\p18F4550.asm
                 UEP3bits   0x000f73       data     extern C:\MCC18\v3_39\src\traditional\proc\p18F4550.asm
                     UEP4   0x000f74       data     extern C:\MCC18\v3_39\src\traditional\proc\p18F4550.asm
                 UEP4bits   0x000f74       data     extern C:\MCC18\v3_39\src\traditional\proc\p18F4550.asm
                     UEP5   0x000f75       data     extern C:\MCC18\v3_39\src\traditional\proc\p18F4550.asm
                 UEP5bits   0x000f75       data     extern C:\MCC18\v3_39\src\traditional\proc\p18F4550.asm
                     UEP6   0x000f76       data     extern C:\MCC18\v3_39\src\traditional\proc\p18F4550.asm
                 UEP6bits   0x000f76       data     extern C:\MCC18\v3_39\src\traditional\proc\p18F4550.asm
                     UEP7   0x000f77       data     extern C:\MCC18\v3_39\src\traditional\proc\p18F4550.asm
                 UEP7bits   0x000f77       data     extern C:\MCC18\v3_39\src\traditional\proc\p18F4550.asm
                     UEP8   0x000f78       data     extern C:\MCC18\v3_39\src\traditional\proc\p18F4550.asm
                 UEP8bits   0x000f78       data     extern C:\MCC18\v3_39\src\traditional\proc\p18F4550.asm
                     UEP9   0x000f79       data     extern C:\MCC18\v3_39\src\traditional\proc\p18F4550.asm
                 UEP9bits   0x000f79       data     extern C:\MCC18\v3_39\src\traditional\proc\p18F4550.asm
                     UFRM   0x000f66       data     extern C:\MCC18\v3_39\src\traditional\proc\p18F4550.asm
                    UFRMH   0x000f67       data     extern C:\MCC18\v3_39\src\traditional\proc\p18F4550.asm
                UFRMHbits   0x000f67       data     extern C:\MCC18\v3_39\src\traditional\proc\p18F4550.asm
                    UFRML   0x000f66       data     extern C:\MCC18\v3_39\src\traditional\proc\p18F4550.asm
                UFRMLbits   0x000f66       data     extern C:\MCC18\v3_39\src\traditional\proc\p18F4550.asm
                      UIE   0x000f69       data     extern C:\MCC18\v3_39\src\traditional\proc\p18F4550.asm
                  UIEbits   0x000f69       data     extern C:\MCC18\v3_39\src\traditional\proc\p18F4550.asm
                      UIR   0x000f68       data     extern C:\MCC18\v3_39\src\traditional\proc\p18F4550.asm
                  UIRbits   0x000f68       data     extern C:\MCC18\v3_39\src\traditional\proc\p18F4550.asm
   USBActiveConfiguration   0x000061       data     extern /media/Data/Documents/Electronics/Microcontroller/PIC/MPLAB/USB MIDI/USB/usb_device.c
    USBAlternateInterface   0x000062       data     extern /media/Data/Documents/Electronics/Microcontroller/PIC/MPLAB/USB MIDI/USB/usb_device.c
        USBBusIsSuspended   0x00008e       data     extern /media/Data/Documents/Electronics/Microcontroller/PIC/MPLAB/USB MIDI/USB/usb_device.c
USBDeferINDataStagePackets   0x0000a0       data     extern /media/Data/Documents/Electronics/Microcontroller/PIC/MPLAB/USB MIDI/USB/usb_device.c
USBDeferOUTDataStagePackets   0x0000a1       data     extern /media/Data/Documents/Electronics/Microcontroller/PIC/MPLAB/USB MIDI/USB/usb_device.c
USBDeferStatusStagePacket   0x00009d       data     extern /media/Data/Documents/Electronics/Microcontroller/PIC/MPLAB/USB MIDI/USB/usb_device.c
           USBDeviceState   0x000060       data     extern /media/Data/Documents/Electronics/Microcontroller/PIC/MPLAB/USB MIDI/USB/usb_device.c
              USBRxHandle   0x0000e8       data     extern /media/Data/Documents/Electronics/Microcontroller/PIC/MPLAB/USB MIDI/usb.c
USBStatusStageEnabledFlag1   0x00009e       data     extern /media/Data/Documents/Electronics/Microcontroller/PIC/MPLAB/USB MIDI/USB/usb_device.c
USBStatusStageEnabledFlag2   0x00009f       data     extern /media/Data/Documents/Electronics/Microcontroller/PIC/MPLAB/USB MIDI/USB/usb_device.c
USBStatusStageTimeoutCounter   0x00009c       data     extern /media/Data/Documents/Electronics/Microcontroller/PIC/MPLAB/USB MIDI/USB/usb_device.c
              USBTxHandle   0x0000e6       data     extern /media/Data/Documents/Electronics/Microcontroller/PIC/MPLAB/USB MIDI/usb.c
                    USTAT   0x000f6c       data     extern C:\MCC18\v3_39\src\traditional\proc\p18F4550.asm
                USTATbits   0x000f6c       data     extern C:\MCC18\v3_39\src\traditional\proc\p18F4550.asm
                USTATcopy   0x00008f       data     extern /media/Data/Documents/Electronics/Microcontroller/PIC/MPLAB/USB MIDI/USB/usb_device.c
                   WDTCON   0x000fd1       data     extern C:\MCC18\v3_39\src\traditional\proc\p18F4550.asm
               WDTCONbits   0x000fd1       data     extern C:\MCC18\v3_39\src\traditional\proc\p18F4550.asm
                     WREG   0x000fe8       data     extern C:\MCC18\v3_39\src\traditional\proc\p18F4550.asm
                 __AARGB0   0x000007       data     extern C:\MCC18\v3_39\src\traditional\math\aarg.asm
                 __AARGB1   0x000006       data     extern C:\MCC18\v3_39\src\traditional\math\aarg.asm
                 __AARGB2   0x000005       data     extern C:\MCC18\v3_39\src\traditional\math\aarg.asm
                 __AARGB3   0x000004       data     extern C:\MCC18\v3_39\src\traditional\math\aarg.asm
                 __AARGB4   0x000003       data     extern C:\MCC18\v3_39\src\traditional\math\aarg.asm
                 __AARGB5   0x000002       data     extern C:\MCC18\v3_39\src\traditional\math\aarg.asm
                 __AARGB6   0x000001       data     extern C:\MCC18\v3_39\src\traditional\math\aarg.asm
                 __AARGB7   0x000000       data     extern C:\MCC18\v3_39\src\traditional\math\aarg.asm
                   __AEXP   0x000008       data     extern C:\MCC18\v3_39\src\traditional\math\aarg.asm
                __FPFLAGS   0x00000a       data     extern C:\MCC18\v3_39\src\traditional\math\cmath18.asm
            __FPFLAGSbits   0x00000a       data     extern C:\MCC18\v3_39\src\traditional\math\cmath18.asm
                  __REMB0   0x000003       data     extern C:\MCC18\v3_39\src\traditional\math\aarg.asm
                  __REMB1   0x000002       data     extern C:\MCC18\v3_39\src\traditional\math\aarg.asm
                  __REMB2   0x000001       data     extern C:\MCC18\v3_39\src\traditional\math\aarg.asm
                  __REMB3   0x000000       data     extern C:\MCC18\v3_39\src\traditional\math\aarg.asm
                  __tmp_0   0x00000b       data     static /media/Data/Documents/Electronics/Microcontroller/PIC/MPLAB/USB MIDI/USB/usb_device.c
                  __tmp_0   0x00000b       data     static /media/Data/Documents/Electronics/Microcontroller/PIC/MPLAB/USB MIDI/usb.c
                  __tmp_0   0x00000b       data     static /media/Data/Documents/Electronics/Microcontroller/PIC/MPLAB/USB MIDI/controller.c
                  __tmp_0   0x00000b       data     static /media/Data/Documents/Electronics/Microcontroller/PIC/MPLAB/USB MIDI/userio.c
     controlTransferState   0x00007e       data     extern /media/Data/Documents/Electronics/Microcontroller/PIC/MPLAB/USB MIDI/USB/usb_device.c
                  ctrl_nr   0x0000ec       data     extern /media/Data/Documents/Electronics/Microcontroller/PIC/MPLAB/USB MIDI/userio.c
            ctrl_old_vals   0x0000ce       data     extern /media/Data/Documents/Electronics/Microcontroller/PIC/MPLAB/USB MIDI/controller.c
                ctrl_vals   0x0000c4       data     extern /media/Data/Documents/Electronics/Microcontroller/PIC/MPLAB/USB MIDI/controller.c
                curr_byte   0x0000db       data     static C:\MCC18\v3_39\src\traditional\startup\c018i.c
               curr_entry   0x0000dd       data     static C:\MCC18\v3_39\src\traditional\startup\c018i.c
                 data_ptr   0x0000df       data     static C:\MCC18\v3_39\src\traditional\startup\c018i.c
              delay_count   0x0000e4       data     static /media/Data/Documents/Electronics/Microcontroller/PIC/MPLAB/USB MIDI/usb.c
          endpoint_number   0x000090       data     extern /media/Data/Documents/Electronics/Microcontroller/PIC/MPLAB/USB MIDI/USB/usb_device.c
               ep_data_in   0x000092       data     extern /media/Data/Documents/Electronics/Microcontroller/PIC/MPLAB/USB MIDI/USB/usb_device.c
              ep_data_out   0x000097       data     extern /media/Data/Documents/Electronics/Microcontroller/PIC/MPLAB/USB MIDI/USB/usb_device.c
                  inPipes   0x00007f       data     extern /media/Data/Documents/Electronics/Microcontroller/PIC/MPLAB/USB MIDI/USB/usb_device.c
                led_delay   0x0000ea       data     extern /media/Data/Documents/Electronics/Microcontroller/PIC/MPLAB/USB MIDI/userio.c
                 midiData   0x000580       data     extern /media/Data/Documents/Electronics/Microcontroller/PIC/MPLAB/USB MIDI/usb.c
                msCounter   0x0000e2       data     extern /media/Data/Documents/Electronics/Microcontroller/PIC/MPLAB/USB MIDI/usb.c
                 outPipes   0x000084       data     extern /media/Data/Documents/Electronics/Microcontroller/PIC/MPLAB/USB MIDI/USB/usb_device.c
   pBDTEntryEP0OutCurrent   0x000065       data     extern /media/Data/Documents/Electronics/Microcontroller/PIC/MPLAB/USB MIDI/USB/usb_device.c
      pBDTEntryEP0OutNext   0x000067       data     extern /media/Data/Documents/Electronics/Microcontroller/PIC/MPLAB/USB MIDI/USB/usb_device.c
              pBDTEntryIn   0x000073       data     extern /media/Data/Documents/Electronics/Microcontroller/PIC/MPLAB/USB MIDI/USB/usb_device.c
             pBDTEntryOut   0x000069       data     extern /media/Data/Documents/Electronics/Microcontroller/PIC/MPLAB/USB MIDI/USB/usb_device.c
                     pDst   0x00008b       data     extern /media/Data/Documents/Electronics/Microcontroller/PIC/MPLAB/USB MIDI/USB/usb_device.c
                     prom   0x0000d8       data     static C:\MCC18\v3_39\src\traditional\startup\c018i.c
        shortPacketStatus   0x00007d       data     extern /media/Data/Documents/Electronics/Microcontroller/PIC/MPLAB/USB MIDI/USB/usb_device.c



                              Symbols - Sorted by Address
                     Name    Address   Location    Storage File                     
                ---------  ---------  ---------  --------- ---------                
                   _entry   0x000000    program     extern C:\MCC18\v3_39\src\traditional\startup\c018i.c
       ___return_lbl00000   0x000004    program     static                          
        Remapped_High_ISR   0x000008    program     extern /media/Data/Documents/Electronics/Microcontroller/PIC/MPLAB/USB MIDI/usb.c
       ___return_lbl00000   0x00000c    program     static                          
         Remapped_Low_ISR   0x000018    program     extern /media/Data/Documents/Electronics/Microcontroller/PIC/MPLAB/USB MIDI/usb.c
       ___return_lbl00001   0x00001c    program     static                          
            USBDeviceInit   0x001044    program     extern /media/Data/Documents/Electronics/Microcontroller/PIC/MPLAB/USB MIDI/USB/usb_device.c
           USBDeviceTasks   0x00115c    program     extern /media/Data/Documents/Electronics/Microcontroller/PIC/MPLAB/USB MIDI/USB/usb_device.c
        USBEnableEndpoint   0x0012cc    program     extern /media/Data/Documents/Electronics/Microcontroller/PIC/MPLAB/USB MIDI/USB/usb_device.c
     USBTransferOnePacket   0x00133a    program     extern /media/Data/Documents/Electronics/Microcontroller/PIC/MPLAB/USB MIDI/USB/usb_device.c
         USBStallEndpoint   0x001440    program     extern /media/Data/Documents/Electronics/Microcontroller/PIC/MPLAB/USB MIDI/USB/usb_device.c
              USBCancelIO   0x001520    program     extern /media/Data/Documents/Electronics/Microcontroller/PIC/MPLAB/USB MIDI/USB/usb_device.c
          USBDeviceDetach   0x0015d0    program     extern /media/Data/Documents/Electronics/Microcontroller/PIC/MPLAB/USB MIDI/USB/usb_device.c
          USBDeviceAttach   0x0015dc    program     extern /media/Data/Documents/Electronics/Microcontroller/PIC/MPLAB/USB MIDI/USB/usb_device.c
USBCtrlEPAllowStatusStage   0x00160a    program     extern /media/Data/Documents/Electronics/Microcontroller/PIC/MPLAB/USB MIDI/USB/usb_device.c
  USBCtrlEPAllowDataStage   0x0016ac    program     extern /media/Data/Documents/Electronics/Microcontroller/PIC/MPLAB/USB MIDI/USB/usb_device.c
     USBConfigureEndpoint   0x00172c    program     static /media/Data/Documents/Electronics/Microcontroller/PIC/MPLAB/USB MIDI/USB/usb_device.c
 USBCtrlEPServiceComplete   0x0017e6    program     static /media/Data/Documents/Electronics/Microcontroller/PIC/MPLAB/USB MIDI/USB/usb_device.c
      USBCtrlTrfTxService   0x0018a8    program     static /media/Data/Documents/Electronics/Microcontroller/PIC/MPLAB/USB MIDI/USB/usb_device.c
      USBCtrlTrfRxService   0x00196c    program     static /media/Data/Documents/Electronics/Microcontroller/PIC/MPLAB/USB MIDI/USB/usb_device.c
      USBStdSetCfgHandler   0x001aac    program     static /media/Data/Documents/Electronics/Microcontroller/PIC/MPLAB/USB MIDI/USB/usb_device.c
      USBStdGetDscHandler   0x001b92    program     static /media/Data/Documents/Electronics/Microcontroller/PIC/MPLAB/USB MIDI/USB/usb_device.c
   USBStdGetStatusHandler   0x001c52    program     static /media/Data/Documents/Electronics/Microcontroller/PIC/MPLAB/USB MIDI/USB/usb_device.c
          USBStallHandler   0x001d22    program     static /media/Data/Documents/Electronics/Microcontroller/PIC/MPLAB/USB MIDI/USB/usb_device.c
               USBSuspend   0x001d54    program     static /media/Data/Documents/Electronics/Microcontroller/PIC/MPLAB/USB MIDI/USB/usb_device.c
       USBWakeFromSuspend   0x001d7e    program     static /media/Data/Documents/Electronics/Microcontroller/PIC/MPLAB/USB MIDI/USB/usb_device.c
         USBCtrlEPService   0x001dac    program     static /media/Data/Documents/Electronics/Microcontroller/PIC/MPLAB/USB MIDI/USB/usb_device.c
   USBCtrlTrfSetupHandler   0x001e7c    program     static /media/Data/Documents/Electronics/Microcontroller/PIC/MPLAB/USB MIDI/USB/usb_device.c
     USBCtrlTrfOutHandler   0x001eda    program     static /media/Data/Documents/Electronics/Microcontroller/PIC/MPLAB/USB MIDI/USB/usb_device.c
      USBCtrlTrfInHandler   0x001f24    program     static /media/Data/Documents/Electronics/Microcontroller/PIC/MPLAB/USB MIDI/USB/usb_device.c
       USBCheckStdRequest   0x001fd8    program     static /media/Data/Documents/Electronics/Microcontroller/PIC/MPLAB/USB MIDI/USB/usb_device.c
  USBStdFeatureReqHandler   0x0020a0    program     static /media/Data/Documents/Electronics/Microcontroller/PIC/MPLAB/USB MIDI/USB/usb_device.c
                ctrl_init   0x00232e    program     extern /media/Data/Documents/Electronics/Microcontroller/PIC/MPLAB/USB MIDI/controller.c
              ctrl_sample   0x002388    program     extern /media/Data/Documents/Electronics/Microcontroller/PIC/MPLAB/USB MIDI/controller.c
                      abs   0x0023d6    program     extern /media/Data/Documents/Electronics/Microcontroller/PIC/MPLAB/USB MIDI/controller.c
             ctrl_process   0x002430    program     extern /media/Data/Documents/Electronics/Microcontroller/PIC/MPLAB/USB MIDI/controller.c
  YourHighPriorityISRCode   0x00254a    program     extern /media/Data/Documents/Electronics/Microcontroller/PIC/MPLAB/USB MIDI/usb.c
   YourLowPriorityISRCode   0x0025e4    program     extern /media/Data/Documents/Electronics/Microcontroller/PIC/MPLAB/USB MIDI/usb.c
                     main   0x00260a    program     extern /media/Data/Documents/Electronics/Microcontroller/PIC/MPLAB/USB MIDI/usb.c
         InitializeSystem   0x002618    program     static /media/Data/Documents/Electronics/Microcontroller/PIC/MPLAB/USB MIDI/usb.c
             USBCBSuspend   0x002624    program     extern /media/Data/Documents/Electronics/Microcontroller/PIC/MPLAB/USB MIDI/usb.c
     USBCBWakeFromSuspend   0x002626    program     extern /media/Data/Documents/Electronics/Microcontroller/PIC/MPLAB/USB MIDI/usb.c
        USBCB_SOF_Handler   0x002628    program     extern /media/Data/Documents/Electronics/Microcontroller/PIC/MPLAB/USB MIDI/usb.c
        USBCBErrorHandler   0x002638    program     extern /media/Data/Documents/Electronics/Microcontroller/PIC/MPLAB/USB MIDI/usb.c
       USBCBCheckOtherReq   0x00263a    program     extern /media/Data/Documents/Electronics/Microcontroller/PIC/MPLAB/USB MIDI/usb.c
    USBCBStdSetDscHandler   0x00263c    program     extern /media/Data/Documents/Electronics/Microcontroller/PIC/MPLAB/USB MIDI/usb.c
              USBCBInitEP   0x00263e    program     extern /media/Data/Documents/Electronics/Microcontroller/PIC/MPLAB/USB MIDI/usb.c
          USBCBSendResume   0x002676    program     extern /media/Data/Documents/Electronics/Microcontroller/PIC/MPLAB/USB MIDI/usb.c
USER_USB_CALLBACK_EVENT_HANDLER   0x0026be    program     extern /media/Data/Documents/Electronics/Microcontroller/PIC/MPLAB/USB MIDI/usb.c
            MIDI_get_byte   0x00275c    program     extern /media/Data/Documents/Electronics/Microcontroller/PIC/MPLAB/USB MIDI/midi.c
                MIDI_init   0x00279a    program     extern /media/Data/Documents/Electronics/Microcontroller/PIC/MPLAB/USB MIDI/midi.c
        MIDI_active_sense   0x0027ba    program     extern /media/Data/Documents/Electronics/Microcontroller/PIC/MPLAB/USB MIDI/midi.c
       MIDI_process_input   0x00281e    program     extern /media/Data/Documents/Electronics/Microcontroller/PIC/MPLAB/USB MIDI/midi.c
                MIDI_task   0x002892    program     extern /media/Data/Documents/Electronics/Microcontroller/PIC/MPLAB/USB MIDI/midi.c
                ProcessIO   0x0028c6    program     extern /media/Data/Documents/Electronics/Microcontroller/PIC/MPLAB/USB MIDI/userio.c
            USB_send_MIDI   0x002976    program     extern /media/Data/Documents/Electronics/Microcontroller/PIC/MPLAB/USB MIDI/userio.c
               device_dsc   0x002a18    program     extern /media/Data/Documents/Electronics/Microcontroller/PIC/MPLAB/USB MIDI/usb_descriptors.c
        configDescriptor1   0x002a2a    program     extern /media/Data/Documents/Electronics/Microcontroller/PIC/MPLAB/USB MIDI/usb_descriptors.c
                    sd000   0x002a8f    program     extern /media/Data/Documents/Electronics/Microcontroller/PIC/MPLAB/USB MIDI/usb_descriptors.c
                    sd001   0x002a93    program     extern /media/Data/Documents/Electronics/Microcontroller/PIC/MPLAB/USB MIDI/usb_descriptors.c
                    sd002   0x002ac7    program     extern /media/Data/Documents/Electronics/Microcontroller/PIC/MPLAB/USB MIDI/usb_descriptors.c
               USB_CD_Ptr   0x002ae1    program     extern /media/Data/Documents/Electronics/Microcontroller/PIC/MPLAB/USB MIDI/usb_descriptors.c
               USB_SD_Ptr   0x002ae3    program     extern /media/Data/Documents/Electronics/Microcontroller/PIC/MPLAB/USB MIDI/usb_descriptors.c
                _do_cinit   0x002aea    program     extern C:\MCC18\v3_39\src\traditional\startup\c018i.c
                     test   0x002b04    program     static                          
                copy_loop   0x002b5c    program     static                          
            copy_one_byte   0x002b62    program     static                          
             done_copying   0x002b70    program     static                          
                     done   0x002b86    program     static                          
       ___return_lbl00002   0x002b86    program     static                          
                   memset   0x002b88    program     extern C:\MCC18\v3_39\src\traditional\stdclib\memset.asm
                    jLoop   0x002b9c    program     static C:\MCC18\v3_39\src\traditional\stdclib\memset.asm
              _2jContinue   0x002ba8    program     static C:\MCC18\v3_39\src\traditional\stdclib\memset.asm
                   _3jEnd   0x002bb2    program     static C:\MCC18\v3_39\src\traditional\stdclib\memset.asm
                     jEnd   0x002bba    program     static C:\MCC18\v3_39\src\traditional\stdclib\memset.asm
            __zero_memory   0x002bbc    program     extern C:\MCC18\v3_39\src\traditional\proc\p18F4550.asm
                   loop_h   0x002bca    program     static C:\MCC18\v3_39\src\traditional\proc\p18F4550.asm
               zero_block   0x002bca    program     static C:\MCC18\v3_39\src\traditional\proc\p18F4550.asm
                compare_l   0x002bd2    program     static C:\MCC18\v3_39\src\traditional\proc\p18F4550.asm
                   loop_l   0x002bd4    program     static C:\MCC18\v3_39\src\traditional\proc\p18F4550.asm
                 _startup   0x002bdc    program     extern C:\MCC18\v3_39\src\traditional\startup\c018i.c
                     loop   0x002bec    program     static                          
       ___return_lbl00001   0x002bf6    program     static                          
                 UserInit   0x002bf8    program     extern /media/Data/Documents/Electronics/Microcontroller/PIC/MPLAB/USB MIDI/userinit.c
              Delay10TCYx   0x002c10    program     extern C:\MCC18\v3_39\src\traditional\delays\d10tcyx.asm
                     D10x   0x002c18    program     static C:\MCC18\v3_39\src\traditional\delays\d10tcyx.asm
        _D10TCYXCODE_000A   0x002c1a    program     static C:\MCC18\v3_39\src\traditional\delays\d10tcyx.asm
        _D10TCYXCODE_000C   0x002c1c    program     static C:\MCC18\v3_39\src\traditional\delays\d10tcyx.asm
        _D10TCYXCODE_000E   0x002c1e    program     static C:\MCC18\v3_39\src\traditional\delays\d10tcyx.asm
                    D10_1   0x002c20    program     static C:\MCC18\v3_39\src\traditional\delays\d10tcyx.asm
                   __init   0x002c26    program     extern C:\MCC18\v3_39\src\traditional\stdclib\__init.c
               __config_0   0x300000    program     static /media/Data/Documents/Electronics/Microcontroller/PIC/MPLAB/USB MIDI/usb.c
               __config_1   0x300001    program     static /media/Data/Documents/Electronics/Microcontroller/PIC/MPLAB/USB MIDI/usb.c
               __config_2   0x300002    program     static /media/Data/Documents/Electronics/Microcontroller/PIC/MPLAB/USB MIDI/usb.c
               __config_3   0x300003    program     static /media/Data/Documents/Electronics/Microcontroller/PIC/MPLAB/USB MIDI/usb.c
               __config_4   0x300005    program     static /media/Data/Documents/Electronics/Microcontroller/PIC/MPLAB/USB MIDI/usb.c
               __config_5   0x300006    program     static /media/Data/Documents/Electronics/Microcontroller/PIC/MPLAB/USB MIDI/usb.c
               __config_6   0x300008    program     static /media/Data/Documents/Electronics/Microcontroller/PIC/MPLAB/USB MIDI/usb.c
               __config_7   0x300009    program     static /media/Data/Documents/Electronics/Microcontroller/PIC/MPLAB/USB MIDI/usb.c
               __config_8   0x30000a    program     static /media/Data/Documents/Electronics/Microcontroller/PIC/MPLAB/USB MIDI/usb.c
               __config_9   0x30000b    program     static /media/Data/Documents/Electronics/Microcontroller/PIC/MPLAB/USB MIDI/usb.c
              __config_10   0x30000c    program     static /media/Data/Documents/Electronics/Microcontroller/PIC/MPLAB/USB MIDI/usb.c
              __config_11   0x30000d    program     static /media/Data/Documents/Electronics/Microcontroller/PIC/MPLAB/USB MIDI/usb.c
                  __REMB3   0x000000       data     extern C:\MCC18\v3_39\src\traditional\math\aarg.asm
                 __AARGB7   0x000000       data     extern C:\MCC18\v3_39\src\traditional\math\aarg.asm
                  __REMB2   0x000001       data     extern C:\MCC18\v3_39\src\traditional\math\aarg.asm
                 __AARGB6   0x000001       data     extern C:\MCC18\v3_39\src\traditional\math\aarg.asm
                 __AARGB5   0x000002       data     extern C:\MCC18\v3_39\src\traditional\math\aarg.asm
                  __REMB1   0x000002       data     extern C:\MCC18\v3_39\src\traditional\math\aarg.asm
                 __AARGB4   0x000003       data     extern C:\MCC18\v3_39\src\traditional\math\aarg.asm
                  __REMB0   0x000003       data     extern C:\MCC18\v3_39\src\traditional\math\aarg.asm
                 __AARGB3   0x000004       data     extern C:\MCC18\v3_39\src\traditional\math\aarg.asm
                 __AARGB2   0x000005       data     extern C:\MCC18\v3_39\src\traditional\math\aarg.asm
                 __AARGB1   0x000006       data     extern C:\MCC18\v3_39\src\traditional\math\aarg.asm
                 __AARGB0   0x000007       data     extern C:\MCC18\v3_39\src\traditional\math\aarg.asm
                   __AEXP   0x000008       data     extern C:\MCC18\v3_39\src\traditional\math\aarg.asm
                     SIGN   0x000009       data     extern C:\MCC18\v3_39\src\traditional\math\cmath18.asm
            __FPFLAGSbits   0x00000a       data     extern C:\MCC18\v3_39\src\traditional\math\cmath18.asm
                __FPFLAGS   0x00000a       data     extern C:\MCC18\v3_39\src\traditional\math\cmath18.asm
                  __tmp_0   0x00000b       data     static /media/Data/Documents/Electronics/Microcontroller/PIC/MPLAB/USB MIDI/USB/usb_device.c
                  __tmp_0   0x00000b       data     static /media/Data/Documents/Electronics/Microcontroller/PIC/MPLAB/USB MIDI/usb.c
                  __tmp_0   0x00000b       data     static /media/Data/Documents/Electronics/Microcontroller/PIC/MPLAB/USB MIDI/controller.c
                  __tmp_0   0x00000b       data     static /media/Data/Documents/Electronics/Microcontroller/PIC/MPLAB/USB MIDI/userio.c
           USBDeviceState   0x000060       data     extern /media/Data/Documents/Electronics/Microcontroller/PIC/MPLAB/USB MIDI/USB/usb_device.c
   USBActiveConfiguration   0x000061       data     extern /media/Data/Documents/Electronics/Microcontroller/PIC/MPLAB/USB MIDI/USB/usb_device.c
    USBAlternateInterface   0x000062       data     extern /media/Data/Documents/Electronics/Microcontroller/PIC/MPLAB/USB MIDI/USB/usb_device.c
   pBDTEntryEP0OutCurrent   0x000065       data     extern /media/Data/Documents/Electronics/Microcontroller/PIC/MPLAB/USB MIDI/USB/usb_device.c
      pBDTEntryEP0OutNext   0x000067       data     extern /media/Data/Documents/Electronics/Microcontroller/PIC/MPLAB/USB MIDI/USB/usb_device.c
             pBDTEntryOut   0x000069       data     extern /media/Data/Documents/Electronics/Microcontroller/PIC/MPLAB/USB MIDI/USB/usb_device.c
              pBDTEntryIn   0x000073       data     extern /media/Data/Documents/Electronics/Microcontroller/PIC/MPLAB/USB MIDI/USB/usb_device.c
        shortPacketStatus   0x00007d       data     extern /media/Data/Documents/Electronics/Microcontroller/PIC/MPLAB/USB MIDI/USB/usb_device.c
     controlTransferState   0x00007e       data     extern /media/Data/Documents/Electronics/Microcontroller/PIC/MPLAB/USB MIDI/USB/usb_device.c
                  inPipes   0x00007f       data     extern /media/Data/Documents/Electronics/Microcontroller/PIC/MPLAB/USB MIDI/USB/usb_device.c
                 outPipes   0x000084       data     extern /media/Data/Documents/Electronics/Microcontroller/PIC/MPLAB/USB MIDI/USB/usb_device.c
                     pDst   0x00008b       data     extern /media/Data/Documents/Electronics/Microcontroller/PIC/MPLAB/USB MIDI/USB/usb_device.c
             RemoteWakeup   0x00008d       data     extern /media/Data/Documents/Electronics/Microcontroller/PIC/MPLAB/USB MIDI/USB/usb_device.c
        USBBusIsSuspended   0x00008e       data     extern /media/Data/Documents/Electronics/Microcontroller/PIC/MPLAB/USB MIDI/USB/usb_device.c
                USTATcopy   0x00008f       data     extern /media/Data/Documents/Electronics/Microcontroller/PIC/MPLAB/USB MIDI/USB/usb_device.c
          endpoint_number   0x000090       data     extern /media/Data/Documents/Electronics/Microcontroller/PIC/MPLAB/USB MIDI/USB/usb_device.c
       BothEP0OutUOWNsSet   0x000091       data     extern /media/Data/Documents/Electronics/Microcontroller/PIC/MPLAB/USB MIDI/USB/usb_device.c
               ep_data_in   0x000092       data     extern /media/Data/Documents/Electronics/Microcontroller/PIC/MPLAB/USB MIDI/USB/usb_device.c
              ep_data_out   0x000097       data     extern /media/Data/Documents/Electronics/Microcontroller/PIC/MPLAB/USB MIDI/USB/usb_device.c
USBStatusStageTimeoutCounter   0x00009c       data     extern /media/Data/Documents/Electronics/Microcontroller/PIC/MPLAB/USB MIDI/USB/usb_device.c
USBDeferStatusStagePacket   0x00009d       data     extern /media/Data/Documents/Electronics/Microcontroller/PIC/MPLAB/USB MIDI/USB/usb_device.c
USBStatusStageEnabledFlag1   0x00009e       data     extern /media/Data/Documents/Electronics/Microcontroller/PIC/MPLAB/USB MIDI/USB/usb_device.c
USBStatusStageEnabledFlag2   0x00009f       data     extern /media/Data/Documents/Electronics/Microcontroller/PIC/MPLAB/USB MIDI/USB/usb_device.c
USBDeferINDataStagePackets   0x0000a0       data     extern /media/Data/Documents/Electronics/Microcontroller/PIC/MPLAB/USB MIDI/USB/usb_device.c
USBDeferOUTDataStagePackets   0x0000a1       data     extern /media/Data/Documents/Electronics/Microcontroller/PIC/MPLAB/USB MIDI/USB/usb_device.c
      RX_buffer_write_pos   0x0000a2       data     extern /media/Data/Documents/Electronics/Microcontroller/PIC/MPLAB/USB MIDI/midi.c
       RX_buffer_read_pos   0x0000a3       data     extern /media/Data/Documents/Electronics/Microcontroller/PIC/MPLAB/USB MIDI/midi.c
                RX_buffer   0x0000a4       data     extern /media/Data/Documents/Electronics/Microcontroller/PIC/MPLAB/USB MIDI/midi.c
                ctrl_vals   0x0000c4       data     extern /media/Data/Documents/Electronics/Microcontroller/PIC/MPLAB/USB MIDI/controller.c
            ctrl_old_vals   0x0000ce       data     extern /media/Data/Documents/Electronics/Microcontroller/PIC/MPLAB/USB MIDI/controller.c
                     prom   0x0000d8       data     static C:\MCC18\v3_39\src\traditional\startup\c018i.c
                curr_byte   0x0000db       data     static C:\MCC18\v3_39\src\traditional\startup\c018i.c
               curr_entry   0x0000dd       data     static C:\MCC18\v3_39\src\traditional\startup\c018i.c
                 data_ptr   0x0000df       data     static C:\MCC18\v3_39\src\traditional\startup\c018i.c
                msCounter   0x0000e2       data     extern /media/Data/Documents/Electronics/Microcontroller/PIC/MPLAB/USB MIDI/usb.c
              delay_count   0x0000e4       data     static /media/Data/Documents/Electronics/Microcontroller/PIC/MPLAB/USB MIDI/usb.c
              USBTxHandle   0x0000e6       data     extern /media/Data/Documents/Electronics/Microcontroller/PIC/MPLAB/USB MIDI/usb.c
              USBRxHandle   0x0000e8       data     extern /media/Data/Documents/Electronics/Microcontroller/PIC/MPLAB/USB MIDI/usb.c
                led_delay   0x0000ea       data     extern /media/Data/Documents/Electronics/Microcontroller/PIC/MPLAB/USB MIDI/userio.c
                  ctrl_nr   0x0000ec       data     extern /media/Data/Documents/Electronics/Microcontroller/PIC/MPLAB/USB MIDI/userio.c
                      BDT   0x000400       data     extern /media/Data/Documents/Electronics/Microcontroller/PIC/MPLAB/USB MIDI/USB/usb_device.c
                 SetupPkt   0x000450       data     extern /media/Data/Documents/Electronics/Microcontroller/PIC/MPLAB/USB MIDI/USB/usb_device.c
              CtrlTrfData   0x000458       data     extern /media/Data/Documents/Electronics/Microcontroller/PIC/MPLAB/USB MIDI/USB/usb_device.c
       ReceivedDataBuffer   0x000500       data     extern /media/Data/Documents/Electronics/Microcontroller/PIC/MPLAB/USB MIDI/usb.c
         ToSendDataBuffer   0x000540       data     extern /media/Data/Documents/Electronics/Microcontroller/PIC/MPLAB/USB MIDI/usb.c
                 midiData   0x000580       data     extern /media/Data/Documents/Electronics/Microcontroller/PIC/MPLAB/USB MIDI/usb.c
                  SPPDATA   0x000f62       data     extern C:\MCC18\v3_39\src\traditional\proc\p18F4550.asm
                   SPPCFG   0x000f63       data     extern C:\MCC18\v3_39\src\traditional\proc\p18F4550.asm
               SPPCFGbits   0x000f63       data     extern C:\MCC18\v3_39\src\traditional\proc\p18F4550.asm
               SPPEPSbits   0x000f64       data     extern C:\MCC18\v3_39\src\traditional\proc\p18F4550.asm
                   SPPEPS   0x000f64       data     extern C:\MCC18\v3_39\src\traditional\proc\p18F4550.asm
               SPPCONbits   0x000f65       data     extern C:\MCC18\v3_39\src\traditional\proc\p18F4550.asm
                   SPPCON   0x000f65       data     extern C:\MCC18\v3_39\src\traditional\proc\p18F4550.asm
                UFRMLbits   0x000f66       data     extern C:\MCC18\v3_39\src\traditional\proc\p18F4550.asm
                    UFRML   0x000f66       data     extern C:\MCC18\v3_39\src\traditional\proc\p18F4550.asm
                     UFRM   0x000f66       data     extern C:\MCC18\v3_39\src\traditional\proc\p18F4550.asm
                UFRMHbits   0x000f67       data     extern C:\MCC18\v3_39\src\traditional\proc\p18F4550.asm
                    UFRMH   0x000f67       data     extern C:\MCC18\v3_39\src\traditional\proc\p18F4550.asm
                      UIR   0x000f68       data     extern C:\MCC18\v3_39\src\traditional\proc\p18F4550.asm
                  UIRbits   0x000f68       data     extern C:\MCC18\v3_39\src\traditional\proc\p18F4550.asm
                      UIE   0x000f69       data     extern C:\MCC18\v3_39\src\traditional\proc\p18F4550.asm
                  UIEbits   0x000f69       data     extern C:\MCC18\v3_39\src\traditional\proc\p18F4550.asm
                     UEIR   0x000f6a       data     extern C:\MCC18\v3_39\src\traditional\proc\p18F4550.asm
                 UEIRbits   0x000f6a       data     extern C:\MCC18\v3_39\src\traditional\proc\p18F4550.asm
                 UEIEbits   0x000f6b       data     extern C:\MCC18\v3_39\src\traditional\proc\p18F4550.asm
                     UEIE   0x000f6b       data     extern C:\MCC18\v3_39\src\traditional\proc\p18F4550.asm
[...]
                    PORTC   0x000f82       data     extern C:\MCC18\v3_39\src\traditional\proc\p18F4550.asm
                PORTDbits   0x000f83       data     extern C:\MCC18\v3_39\src\traditional\proc\p18F4550.asm
                    PORTD   0x000f83       data     extern C:\MCC18\v3_39\src\traditional\proc\p18F4550.asm
                    PORTE   0x000f84       data     extern C:\MCC18\v3_39\src\traditional\proc\p18F4550.asm
                PORTEbits   0x000f84       data     extern C:\MCC18\v3_39\src\traditional\proc\p18F4550.asm
                     LATA   0x000f89       data     extern C:\MCC18\v3_39\src\traditional\proc\p18F4550.asm
                 LATAbits   0x000f89       data     extern C:\MCC18\v3_39\src\traditional\proc\p18F4550.asm
                     LATB   0x000f8a       data     extern C:\MCC18\v3_39\src\traditional\proc\p18F4550.asm
                 LATBbits   0x000f8a       data     extern C:\MCC18\v3_39\src\traditional\proc\p18F4550.asm
                 LATCbits   0x000f8b       data     extern C:\MCC18\v3_39\src\traditional\proc\p18F4550.asm
                     LATC   0x000f8b       data     extern C:\MCC18\v3_39\src\traditional\proc\p18F4550.asm
                     LATD   0x000f8c       data     extern C:\MCC18\v3_39\src\traditional\proc\p18F4550.asm
                 LATDbits   0x000f8c       data     extern C:\MCC18\v3_39\src\traditional\proc\p18F4550.asm
                     LATE   0x000f8d       data     extern C:\MCC18\v3_39\src\traditional\proc\p18F4550.asm
                 LATEbits   0x000f8d       data     extern C:\MCC18\v3_39\src\traditional\proc\p18F4550.asm
                    TRISA   0x000f92       data     extern C:\MCC18\v3_39\src\traditional\proc\p18F4550.asm
                     DDRA   0x000f92       data     extern C:\MCC18\v3_39\src\traditional\proc\p18F4550.asm
                 DDRAbits   0x000f92       data     extern C:\MCC18\v3_39\src\traditional\proc\p18F4550.asm
                TRISAbits   0x000f92       data     extern C:\MCC18\v3_39\src\traditional\proc\p18F4550.asm
                 DDRBbits   0x000f93       data     extern C:\MCC18\v3_39\src\traditional\proc\p18F4550.asm
                     DDRB   0x000f93       data     extern C:\MCC18\v3_39\src\traditional\proc\p18F4550.asm
                    TRISB   0x000f93       data     extern C:\MCC18\v3_39\src\traditional\proc\p18F4550.asm
                TRISBbits   0x000f93       data     extern C:\MCC18\v3_39\src\traditional\proc\p18F4550.asm
                     DDRC   0x000f94       data     extern C:\MCC18\v3_39\src\traditional\proc\p18F4550.asm
                 DDRCbits   0x000f94       data     extern C:\MCC18\v3_39\src\traditional\proc\p18F4550.asm
                    TRISC   0x000f94       data     extern C:\MCC18\v3_39\src\traditional\proc\p18F4550.asm
                TRISCbits   0x000f94       data     extern C:\MCC18\v3_39\src\traditional\proc\p18F4550.asm
                     DDRD   0x000f95       data     extern C:\MCC18\v3_39\src\traditional\proc\p18F4550.asm
                 DDRDbits   0x000f95       data     extern C:\MCC18\v3_39\src\traditional\proc\p18F4550.asm
                    TRISD   0x000f95       data     extern C:\MCC18\v3_39\src\traditional\proc\p18F4550.asm
                TRISDbits   0x000f95       data     extern C:\MCC18\v3_39\src\traditional\proc\p18F4550.asm
                     DDRE   0x000f96       data     extern C:\MCC18\v3_39\src\traditional\proc\p18F4550.asm
                 DDREbits   0x000f96       data     extern C:\MCC18\v3_39\src\traditional\proc\p18F4550.asm
                    TRISE   0x000f96       data     extern C:\MCC18\v3_39\src\traditional\proc\p18F4550.asm
                TRISEbits   0x000f96       data     extern C:\MCC18\v3_39\src\traditional\proc\p18F4550.asm
                  OSCTUNE   0x000f9b       data     extern C:\MCC18\v3_39\src\traditional\proc\p18F4550.asm
              OSCTUNEbits   0x000f9b       data     extern C:\MCC18\v3_39\src\traditional\proc\p18F4550.asm
                     PIE1   0x000f9d       data     extern C:\MCC18\v3_39\src\traditional\proc\p18F4550.asm
                 PIE1bits   0x000f9d       data     extern C:\MCC18\v3_39\src\traditional\proc\p18F4550.asm
                     PIR1   0x000f9e       data     extern C:\MCC18\v3_39\src\traditional\proc\p18F4550.asm
                 PIR1bits   0x000f9e       data     extern C:\MCC18\v3_39\src\traditional\proc\p18F4550.asm
                 IPR1bits   0x000f9f       data     extern C:\MCC18\v3_39\src\traditional\proc\p18F4550.asm
                     IPR1   0x000f9f       data     extern C:\MCC18\v3_39\src\traditional\proc\p18F4550.asm
                 PIE2bits   0x000fa0       data     extern C:\MCC18\v3_39\src\traditional\proc\p18F4550.asm
                     PIE2   0x000fa0       data     extern C:\MCC18\v3_39\src\traditional\proc\p18F4550.asm
                 PIR2bits   0x000fa1       data     extern C:\MCC18\v3_39\src\traditional\proc\p18F4550.asm
                     PIR2   0x000fa1       data     extern C:\MCC18\v3_39\src\traditional\proc\p18F4550.asm
                 IPR2bits   0x000fa2       data     extern C:\MCC18\v3_39\src\traditional\proc\p18F4550.asm
                     IPR2   0x000fa2       data     extern C:\MCC18\v3_39\src\traditional\proc\p18F4550.asm
                   EECON1   0x000fa6       data     extern C:\MCC18\v3_39\src\traditional\proc\p18F4550.asm
               EECON1bits   0x000fa6       data     extern C:\MCC18\v3_39\src\traditional\proc\p18F4550.asm
                   EECON2   0x000fa7       data     extern C:\MCC18\v3_39\src\traditional\proc\p18F4550.asm
                   EEDATA   0x000fa8       data     extern C:\MCC18\v3_39\src\traditional\proc\p18F4550.asm
                    EEADR   0x000fa9       data     extern C:\MCC18\v3_39\src\traditional\proc\p18F4550.asm
                    RCSTA   0x000fab       data     extern C:\MCC18\v3_39\src\traditional\proc\p18F4550.asm
                RCSTAbits   0x000fab       data     extern C:\MCC18\v3_39\src\traditional\proc\p18F4550.asm
                    TXSTA   0x000fac       data     extern C:\MCC18\v3_39\src\traditional\proc\p18F4550.asm
                TXSTAbits   0x000fac       data     extern C:\MCC18\v3_39\src\traditional\proc\p18F4550.asm
                    TXREG   0x000fad       data     extern C:\MCC18\v3_39\src\traditional\proc\p18F4550.asm
                    RCREG   0x000fae       data     extern C:\MCC18\v3_39\src\traditional\proc\p18F4550.asm
                    SPBRG   0x000faf       data     extern C:\MCC18\v3_39\src\traditional\proc\p18F4550.asm
                   SPBRGH   0x000fb0       data     extern C:\MCC18\v3_39\src\traditional\proc\p18F4550.asm
                T3CONbits   0x000fb1       data     extern C:\MCC18\v3_39\src\traditional\proc\p18F4550.asm
                    T3CON   0x000fb1       data     extern C:\MCC18\v3_39\src\traditional\proc\p18F4550.asm
                    TMR3L   0x000fb2       data     extern C:\MCC18\v3_39\src\traditional\proc\p18F4550.asm
                    TMR3H   0x000fb3       data     extern C:\MCC18\v3_39\src\traditional\proc\p18F4550.asm
                CMCONbits   0x000fb4       data     extern C:\MCC18\v3_39\src\traditional\proc\p18F4550.asm
                    CMCON   0x000fb4       data     extern C:\MCC18\v3_39\src\traditional\proc\p18F4550.asm
               CVRCONbits   0x000fb5       data     extern C:\MCC18\v3_39\src\traditional\proc\p18F4550.asm
                   CVRCON   0x000fb5       data     extern C:\MCC18\v3_39\src\traditional\proc\p18F4550.asm
                   CCP1AS   0x000fb6       data     extern C:\MCC18\v3_39\src\traditional\proc\p18F4550.asm
               CCP1ASbits   0x000fb6       data     extern C:\MCC18\v3_39\src\traditional\proc\p18F4550.asm
                  ECCP1AS   0x000fb6       data     extern C:\MCC18\v3_39\src\traditional\proc\p18F4550.asm
              ECCP1ASbits   0x000fb6       data     extern C:\MCC18\v3_39\src\traditional\proc\p18F4550.asm
             ECCP1DELbits   0x000fb7       data     extern C:\MCC18\v3_39\src\traditional\proc\p18F4550.asm
                 ECCP1DEL   0x000fb7       data     extern C:\MCC18\v3_39\src\traditional\proc\p18F4550.asm
                  CCP1DEL   0x000fb7       data     extern C:\MCC18\v3_39\src\traditional\proc\p18F4550.asm
              CCP1DELbits   0x000fb7       data     extern C:\MCC18\v3_39\src\traditional\proc\p18F4550.asm
                  BAUDCON   0x000fb8       data     extern C:\MCC18\v3_39\src\traditional\proc\p18F4550.asm
              BAUDCONbits   0x000fb8       data     extern C:\MCC18\v3_39\src\traditional\proc\p18F4550.asm
                  BAUDCTL   0x000fb8       data     extern C:\MCC18\v3_39\src\traditional\proc\p18F4550.asm
              BAUDCTLbits   0x000fb8       data     extern C:\MCC18\v3_39\src\traditional\proc\p18F4550.asm
              CCP2CONbits   0x000fba       data     extern C:\MCC18\v3_39\src\traditional\proc\p18F4550.asm
                  CCP2CON   0x000fba       data     extern C:\MCC18\v3_39\src\traditional\proc\p18F4550.asm
                    CCPR2   0x000fbb       data     extern C:\MCC18\v3_39\src\traditional\proc\p18F4550.asm
                   CCPR2L   0x000fbb       data     extern C:\MCC18\v3_39\src\traditional\proc\p18F4550.asm
                   CCPR2H   0x000fbc       data     extern C:\MCC18\v3_39\src\traditional\proc\p18F4550.asm
                 ECCP1CON   0x000fbd       data     extern C:\MCC18\v3_39\src\traditional\proc\p18F4550.asm
             ECCP1CONbits   0x000fbd       data     extern C:\MCC18\v3_39\src\traditional\proc\p18F4550.asm
                  CCP1CON   0x000fbd       data     extern C:\MCC18\v3_39\src\traditional\proc\p18F4550.asm
              CCP1CONbits   0x000fbd       data     extern C:\MCC18\v3_39\src\traditional\proc\p18F4550.asm
                    CCPR1   0x000fbe       data     extern C:\MCC18\v3_39\src\traditional\proc\p18F4550.asm
                   CCPR1L   0x000fbe       data     extern C:\MCC18\v3_39\src\traditional\proc\p18F4550.asm
                   CCPR1H   0x000fbf       data     extern C:\MCC18\v3_39\src\traditional\proc\p18F4550.asm
               ADCON2bits   0x000fc0       data     extern C:\MCC18\v3_39\src\traditional\proc\p18F4550.asm
                   ADCON2   0x000fc0       data     extern C:\MCC18\v3_39\src\traditional\proc\p18F4550.asm
               ADCON1bits   0x000fc1       data     extern C:\MCC18\v3_39\src\traditional\proc\p18F4550.asm
                   ADCON1   0x000fc1       data     extern C:\MCC18\v3_39\src\traditional\proc\p18F4550.asm
                   ADCON0   0x000fc2       data     extern C:\MCC18\v3_39\src\traditional\proc\p18F4550.asm
               ADCON0bits   0x000fc2       data     extern C:\MCC18\v3_39\src\traditional\proc\p18F4550.asm
                    ADRES   0x000fc3       data     extern C:\MCC18\v3_39\src\traditional\proc\p18F4550.asm
                   ADRESL   0x000fc3       data     extern C:\MCC18\v3_39\src\traditional\proc\p18F4550.asm
                   ADRESH   0x000fc4       data     extern C:\MCC18\v3_39\src\traditional\proc\p18F4550.asm
              SSPCON2bits   0x000fc5       data     extern C:\MCC18\v3_39\src\traditional\proc\p18F4550.asm
                  SSPCON2   0x000fc5       data     extern C:\MCC18\v3_39\src\traditional\proc\p18F4550.asm
              SSPCON1bits   0x000fc6       data     extern C:\MCC18\v3_39\src\traditional\proc\p18F4550.asm
                  SSPCON1   0x000fc6       data     extern C:\MCC18\v3_39\src\traditional\proc\p18F4550.asm
              SSPSTATbits   0x000fc7       data     extern C:\MCC18\v3_39\src\traditional\proc\p18F4550.asm
                  SSPSTAT   0x000fc7       data     extern C:\MCC18\v3_39\src\traditional\proc\p18F4550.asm
                   SSPADD   0x000fc8       data     extern C:\MCC18\v3_39\src\traditional\proc\p18F4550.asm
                   SSPBUF   0x000fc9       data     extern C:\MCC18\v3_39\src\traditional\proc\p18F4550.asm
                T2CONbits   0x000fca       data     extern C:\MCC18\v3_39\src\traditional\proc\p18F4550.asm
                    T2CON   0x000fca       data     extern C:\MCC18\v3_39\src\traditional\proc\p18F4550.asm
                      PR2   0x000fcb       data     extern C:\MCC18\v3_39\src\traditional\proc\p18F4550.asm
                     TMR2   0x000fcc       data     extern C:\MCC18\v3_39\src\traditional\proc\p18F4550.asm
                T1CONbits   0x000fcd       data     extern C:\MCC18\v3_39\src\traditional\proc\p18F4550.asm
                    T1CON   0x000fcd       data     extern C:\MCC18\v3_39\src\traditional\proc\p18F4550.asm
                    TMR1L   0x000fce       data     extern C:\MCC18\v3_39\src\traditional\proc\p18F4550.asm
                    TMR1H   0x000fcf       data     extern C:\MCC18\v3_39\src\traditional\proc\p18F4550.asm
                     RCON   0x000fd0       data     extern C:\MCC18\v3_39\src\traditional\proc\p18F4550.asm
                 RCONbits   0x000fd0       data     extern C:\MCC18\v3_39\src\traditional\proc\p18F4550.asm
                   WDTCON   0x000fd1       data     extern C:\MCC18\v3_39\src\traditional\proc\p18F4550.asm
               WDTCONbits   0x000fd1       data     extern C:\MCC18\v3_39\src\traditional\proc\p18F4550.asm
                  HLVDCON   0x000fd2       data     extern C:\MCC18\v3_39\src\traditional\proc\p18F4550.asm
              HLVDCONbits   0x000fd2       data     extern C:\MCC18\v3_39\src\traditional\proc\p18F4550.asm
               LVDCONbits   0x000fd2       data     extern C:\MCC18\v3_39\src\traditional\proc\p18F4550.asm
                   LVDCON   0x000fd2       data     extern C:\MCC18\v3_39\src\traditional\proc\p18F4550.asm
               OSCCONbits   0x000fd3       data     extern C:\MCC18\v3_39\src\traditional\proc\p18F4550.asm
                   OSCCON   0x000fd3       data     extern C:\MCC18\v3_39\src\traditional\proc\p18F4550.asm
                    T0CON   0x000fd5       data     extern C:\MCC18\v3_39\src\traditional\proc\p18F4550.asm
                T0CONbits   0x000fd5       data     extern C:\MCC18\v3_39\src\traditional\proc\p18F4550.asm
                    TMR0L   0x000fd6       data     extern C:\MCC18\v3_39\src\traditional\proc\p18F4550.asm
                    TMR0H   0x000fd7       data     extern C:\MCC18\v3_39\src\traditional\proc\p18F4550.asm
                   STATUS   0x000fd8       data     extern C:\MCC18\v3_39\src\traditional\proc\p18F4550.asm
               STATUSbits   0x000fd8       data     extern C:\MCC18\v3_39\src\traditional\proc\p18F4550.asm
                     FSR2   0x000fd9       data     extern C:\MCC18\v3_39\src\traditional\proc\p18F4550.asm
                    FSR2L   0x000fd9       data     extern C:\MCC18\v3_39\src\traditional\proc\p18F4550.asm
                    FSR2H   0x000fda       data     extern C:\MCC18\v3_39\src\traditional\proc\p18F4550.asm
                   PLUSW2   0x000fdb       data     extern C:\MCC18\v3_39\src\traditional\proc\p18F4550.asm
                  PREINC2   0x000fdc       data     extern C:\MCC18\v3_39\src\traditional\proc\p18F4550.asm
                 POSTDEC2   0x000fdd       data     extern C:\MCC18\v3_39\src\traditional\proc\p18F4550.asm
                 POSTINC2   0x000fde       data     extern C:\MCC18\v3_39\src\traditional\proc\p18F4550.asm
                    INDF2   0x000fdf       data     extern C:\MCC18\v3_39\src\traditional\proc\p18F4550.asm
                      BSR   0x000fe0       data     extern C:\MCC18\v3_39\src\traditional\proc\p18F4550.asm
                    FSR1L   0x000fe1       data     extern C:\MCC18\v3_39\src\traditional\proc\p18F4550.asm
                     FSR1   0x000fe1       data     extern C:\MCC18\v3_39\src\traditional\proc\p18F4550.asm
                    FSR1H   0x000fe2       data     extern C:\MCC18\v3_39\src\traditional\proc\p18F4550.asm
                   PLUSW1   0x000fe3       data     extern C:\MCC18\v3_39\src\traditional\proc\p18F4550.asm
                  PREINC1   0x000fe4       data     extern C:\MCC18\v3_39\src\traditional\proc\p18F4550.asm
                 POSTDEC1   0x000fe5       data     extern C:\MCC18\v3_39\src\traditional\proc\p18F4550.asm
                 POSTINC1   0x000fe6       data     extern C:\MCC18\v3_39\src\traditional\proc\p18F4550.asm
                    INDF1   0x000fe7       data     extern C:\MCC18\v3_39\src\traditional\proc\p18F4550.asm
                     WREG   0x000fe8       data     extern C:\MCC18\v3_39\src\traditional\proc\p18F4550.asm
                     FSR0   0x000fe9       data     extern C:\MCC18\v3_39\src\traditional\proc\p18F4550.asm
                    FSR0L   0x000fe9       data     extern C:\MCC18\v3_39\src\traditional\proc\p18F4550.asm
                    FSR0H   0x000fea       data     extern C:\MCC18\v3_39\src\traditional\proc\p18F4550.asm
                   PLUSW0   0x000feb       data     extern C:\MCC18\v3_39\src\traditional\proc\p18F4550.asm
                  PREINC0   0x000fec       data     extern C:\MCC18\v3_39\src\traditional\proc\p18F4550.asm
                 POSTDEC0   0x000fed       data     extern C:\MCC18\v3_39\src\traditional\proc\p18F4550.asm
                 POSTINC0   0x000fee       data     extern C:\MCC18\v3_39\src\traditional\proc\p18F4550.asm
                    INDF0   0x000fef       data     extern C:\MCC18\v3_39\src\traditional\proc\p18F4550.asm
                  INTCON3   0x000ff0       data     extern C:\MCC18\v3_39\src\traditional\proc\p18F4550.asm
              INTCON3bits   0x000ff0       data     extern C:\MCC18\v3_39\src\traditional\proc\p18F4550.asm
              INTCON2bits   0x000ff1       data     extern C:\MCC18\v3_39\src\traditional\proc\p18F4550.asm
                  INTCON2   0x000ff1       data     extern C:\MCC18\v3_39\src\traditional\proc\p18F4550.asm
                   INTCON   0x000ff2       data     extern C:\MCC18\v3_39\src\traditional\proc\p18F4550.asm
               INTCONbits   0x000ff2       data     extern C:\MCC18\v3_39\src\traditional\proc\p18F4550.asm
                     PROD   0x000ff3       data     extern C:\MCC18\v3_39\src\traditional\proc\p18F4550.asm
                    PRODL   0x000ff3       data     extern C:\MCC18\v3_39\src\traditional\proc\p18F4550.asm
                    PRODH   0x000ff4       data     extern C:\MCC18\v3_39\src\traditional\proc\p18F4550.asm
                   TABLAT   0x000ff5       data     extern C:\MCC18\v3_39\src\traditional\proc\p18F4550.asm
                  TBLPTRL   0x000ff6       data     extern C:\MCC18\v3_39\src\traditional\proc\p18F4550.asm
                   TBLPTR   0x000ff6       data     extern C:\MCC18\v3_39\src\traditional\proc\p18F4550.asm
                  TBLPTRH   0x000ff7       data     extern C:\MCC18\v3_39\src\traditional\proc\p18F4550.asm
                  TBLPTRU   0x000ff8       data     extern C:\MCC18\v3_39\src\traditional\proc\p18F4550.asm
                       PC   0x000ff9       data     extern C:\MCC18\v3_39\src\traditional\proc\p18F4550.asm
                      PCL   0x000ff9       data     extern C:\MCC18\v3_39\src\traditional\proc\p18F4550.asm
                   PCLATH   0x000ffa       data     extern C:\MCC18\v3_39\src\traditional\proc\p18F4550.asm
                   PCLATU   0x000ffb       data     extern C:\MCC18\v3_39\src\traditional\proc\p18F4550.asm
               STKPTRbits   0x000ffc       data     extern C:\MCC18\v3_39\src\traditional\proc\p18F4550.asm
                   STKPTR   0x000ffc       data     extern C:\MCC18\v3_39\src\traditional\proc\p18F4550.asm
                      TOS   0x000ffd       data     extern C:\MCC18\v3_39\src\traditional\proc\p18F4550.asm
                     TOSL   0x000ffd       data     extern C:\MCC18\v3_39\src\traditional\proc\p18F4550.asm
                     TOSH   0x000ffe       data     extern C:\MCC18\v3_39\src\traditional\proc\p18F4550.asm
                     TOSU   0x000fff       data     extern C:\MCC18\v3_39\src\traditional\proc\p18F4550.asm


